Archive member included to satisfy reference by file (symbol)

c:/siliconlabs/simplicitystudio/v5/developer/toolchains/gnu_arm/12.2.rel1_2023.7/bin/../lib/gcc/arm-none-eabi/12.2.1/thumb/v8-m.main+fp/hard\libgcc.a(_arm_addsubdf3.o)
                              ./app.o (__aeabi_ui2d)
c:/siliconlabs/simplicitystudio/v5/developer/toolchains/gnu_arm/12.2.rel1_2023.7/bin/../lib/gcc/arm-none-eabi/12.2.1/thumb/v8-m.main+fp/hard\libgcc.a(_arm_muldivdf3.o)
                              ./app.o (__aeabi_ddiv)
c:/siliconlabs/simplicitystudio/v5/developer/toolchains/gnu_arm/12.2.rel1_2023.7/bin/../lib/gcc/arm-none-eabi/12.2.1/thumb/v8-m.main+fp/hard\libgcc.a(_arm_cmpdf2.o)
                              ./app.o (__aeabi_dcmplt)
c:/siliconlabs/simplicitystudio/v5/developer/toolchains/gnu_arm/12.2.rel1_2023.7/bin/../lib/gcc/arm-none-eabi/12.2.1/thumb/v8-m.main+fp/hard\libgcc.a(_arm_truncdfsf2.o)
                              ./app.o (__aeabi_d2f)
c:/siliconlabs/simplicitystudio/v5/developer/toolchains/gnu_arm/12.2.rel1_2023.7/bin/../lib/gcc/arm-none-eabi/12.2.1/thumb/v8-m.main+fp/hard\libgcc.a(_aeabi_ldivmod.o)
                              ./simplicity_sdk_2024.6.0/platform/emlib/src/em_usart.o (__aeabi_ldivmod)
c:/siliconlabs/simplicitystudio/v5/developer/toolchains/gnu_arm/12.2.rel1_2023.7/bin/../lib/gcc/arm-none-eabi/12.2.1/thumb/v8-m.main+fp/hard\libgcc.a(_aeabi_uldivmod.o)
                              ./simplicity_sdk_2024.6.0/platform/emlib/src/em_usart.o (__aeabi_uldivmod)
c:/siliconlabs/simplicitystudio/v5/developer/toolchains/gnu_arm/12.2.rel1_2023.7/bin/../lib/gcc/arm-none-eabi/12.2.1/thumb/v8-m.main+fp/hard\libgcc.a(_udivmoddi4.o)
                              c:/siliconlabs/simplicitystudio/v5/developer/toolchains/gnu_arm/12.2.rel1_2023.7/bin/../lib/gcc/arm-none-eabi/12.2.1/thumb/v8-m.main+fp/hard\libgcc.a(_aeabi_ldivmod.o) (__udivmoddi4)
c:/siliconlabs/simplicitystudio/v5/developer/toolchains/gnu_arm/12.2.rel1_2023.7/bin/../lib/gcc/arm-none-eabi/12.2.1/thumb/v8-m.main+fp/hard\libgcc.a(_dvmd_tls.o)
                              c:/siliconlabs/simplicitystudio/v5/developer/toolchains/gnu_arm/12.2.rel1_2023.7/bin/../lib/gcc/arm-none-eabi/12.2.1/thumb/v8-m.main+fp/hard\libgcc.a(_aeabi_ldivmod.o) (__aeabi_ldiv0)
c:/siliconlabs/simplicitystudio/v5/developer/toolchains/gnu_arm/12.2.rel1_2023.7/bin/../lib/gcc/arm-none-eabi/12.2.1/thumb/v8-m.main+fp/hard\libc_nano.a(libc_a-exit.o)
                              c:/siliconlabs/simplicitystudio/v5/developer/toolchains/gnu_arm/12.2.rel1_2023.7/bin/../lib/gcc/arm-none-eabi/12.2.1/thumb/v8-m.main+fp/hard/crt0.o (exit)
c:/siliconlabs/simplicitystudio/v5/developer/toolchains/gnu_arm/12.2.rel1_2023.7/bin/../lib/gcc/arm-none-eabi/12.2.1/thumb/v8-m.main+fp/hard\libc_nano.a(libc_a-ctype_.o)
                              ./simplicity_sdk_2024.6.0/platform/common/src/sl_string.o (_ctype_)
c:/siliconlabs/simplicitystudio/v5/developer/toolchains/gnu_arm/12.2.rel1_2023.7/bin/../lib/gcc/arm-none-eabi/12.2.1/thumb/v8-m.main+fp/hard\libc_nano.a(libc_a-findfp.o)
                              c:/siliconlabs/simplicitystudio/v5/developer/toolchains/gnu_arm/12.2.rel1_2023.7/bin/../lib/gcc/arm-none-eabi/12.2.1/thumb/v8-m.main+fp/hard\libc_nano.a(libc_a-exit.o) (__stdio_exit_handler)
c:/siliconlabs/simplicitystudio/v5/developer/toolchains/gnu_arm/12.2.rel1_2023.7/bin/../lib/gcc/arm-none-eabi/12.2.1/thumb/v8-m.main+fp/hard\libc_nano.a(libc_a-fwalk.o)
                              c:/siliconlabs/simplicitystudio/v5/developer/toolchains/gnu_arm/12.2.rel1_2023.7/bin/../lib/gcc/arm-none-eabi/12.2.1/thumb/v8-m.main+fp/hard\libc_nano.a(libc_a-findfp.o) (_fwalk_sglue)
c:/siliconlabs/simplicitystudio/v5/developer/toolchains/gnu_arm/12.2.rel1_2023.7/bin/../lib/gcc/arm-none-eabi/12.2.1/thumb/v8-m.main+fp/hard\libc_nano.a(libc_a-printf.o)
                              ./app.o (printf)
c:/siliconlabs/simplicitystudio/v5/developer/toolchains/gnu_arm/12.2.rel1_2023.7/bin/../lib/gcc/arm-none-eabi/12.2.1/thumb/v8-m.main+fp/hard\libc_nano.a(libc_a-snprintf.o)
                              ./app.o (snprintf)
c:/siliconlabs/simplicitystudio/v5/developer/toolchains/gnu_arm/12.2.rel1_2023.7/bin/../lib/gcc/arm-none-eabi/12.2.1/thumb/v8-m.main+fp/hard\libc_nano.a(libc_a-stdio.o)
                              c:/siliconlabs/simplicitystudio/v5/developer/toolchains/gnu_arm/12.2.rel1_2023.7/bin/../lib/gcc/arm-none-eabi/12.2.1/thumb/v8-m.main+fp/hard\libc_nano.a(libc_a-findfp.o) (__sread)
c:/siliconlabs/simplicitystudio/v5/developer/toolchains/gnu_arm/12.2.rel1_2023.7/bin/../lib/gcc/arm-none-eabi/12.2.1/thumb/v8-m.main+fp/hard\libc_nano.a(libc_a-vprintf.o)
                              ./simplicity_sdk_2024.6.0/platform/service/iostream/src/sl_iostream.o (vprintf)
c:/siliconlabs/simplicitystudio/v5/developer/toolchains/gnu_arm/12.2.rel1_2023.7/bin/../lib/gcc/arm-none-eabi/12.2.1/thumb/v8-m.main+fp/hard\libc_nano.a(libc_a-memset.o)
[...]
Memory Configuration

Name             Origin             Length             Attributes
FLASH            0x08000000         0x0007e000         xr
RAM              0x20000000         0x00010000         xrw
*default*        0x00000000         0xffffffff

Linker script and memory map

LOAD c:/siliconlabs/simplicitystudio/v5/developer/toolchains/gnu_arm/12.2.rel1_2023.7/bin/../lib/gcc/arm-none-eabi/12.2.1/thumb/v8-m.main+fp/hard/crti.o
LOAD c:/siliconlabs/simplicitystudio/v5/developer/toolchains/gnu_arm/12.2.rel1_2023.7/bin/../lib/gcc/arm-none-eabi/12.2.1/thumb/v8-m.main+fp/hard/crtbegin.o
LOAD c:/siliconlabs/simplicitystudio/v5/developer/toolchains/gnu_arm/12.2.rel1_2023.7/bin/../lib/gcc/arm-none-eabi/12.2.1/thumb/v8-m.main+fp/hard/crt0.o
START GROUP
LOAD ./app.o
LOAD ./main.o
LOAD ./autogen/sl_board_default_init.o
LOAD ./autogen/sl_event_handler.o
LOAD ./autogen/sl_i2cspm_init.o
LOAD ./autogen/sl_iostream_handles.o
LOAD ./autogen/sl_iostream_init_usart_instances.o
LOAD ./simplicity_sdk_2024.6.0/hardware/board/src/sl_board_control_gpio.o
LOAD ./simplicity_sdk_2024.6.0/hardware/board/src/sl_board_init.o
LOAD ./simplicity_sdk_2024.6.0/hardware/driver/configuration_over_swo/src/sl_cos.o
LOAD ./simplicity_sdk_2024.6.0/hardware/driver/si70xx/src/sl_si70xx.o
LOAD ./simplicity_sdk_2024.6.0/platform/Device/SiliconLabs/EFR32FG23/Source/startup_efr32fg23.o
LOAD ./simplicity_sdk_2024.6.0/platform/Device/SiliconLabs/EFR32FG23/Source/system_efr32fg23.o
LOAD ./simplicity_sdk_2024.6.0/platform/common/src/sl_assert.o
LOAD ./simplicity_sdk_2024.6.0/platform/common/src/sl_core_cortexm.o
LOAD ./simplicity_sdk_2024.6.0/platform/common/src/sl_stdio.o
LOAD ./simplicity_sdk_2024.6.0/platform/common/src/sl_string.o
LOAD ./simplicity_sdk_2024.6.0/platform/common/src/sl_syscalls.o
LOAD ./simplicity_sdk_2024.6.0/platform/driver/debug/src/sl_debug_swo.o
LOAD ./simplicity_sdk_2024.6.0/platform/driver/i2cspm/src/sl_i2cspm.o
LOAD ./simplicity_sdk_2024.6.0/platform/emdrv/dmadrv/src/dmadrv.o
LOAD ./simplicity_sdk_2024.6.0/platform/emlib/src/em_burtc.o
LOAD ./simplicity_sdk_2024.6.0/platform/emlib/src/em_cmu.o
LOAD ./simplicity_sdk_2024.6.0/platform/emlib/src/em_core.o
LOAD ./simplicity_sdk_2024.6.0/platform/emlib/src/em_emu.o
LOAD ./simplicity_sdk_2024.6.0/platform/emlib/src/em_gpio.o
LOAD ./simplicity_sdk_2024.6.0/platform/emlib/src/em_i2c.o
LOAD ./simplicity_sdk_2024.6.0/platform/emlib/src/em_ldma.o
LOAD ./simplicity_sdk_2024.6.0/platform/emlib/src/em_msc.o
LOAD ./simplicity_sdk_2024.6.0/platform/emlib/src/em_prs.o
LOAD ./simplicity_sdk_2024.6.0/platform/emlib/src/em_system.o
LOAD ./simplicity_sdk_2024.6.0/platform/emlib/src/em_timer.o
LOAD ./simplicity_sdk_2024.6.0/platform/emlib/src/em_usart.o
LOAD ./simplicity_sdk_2024.6.0/platform/peripheral/src/sl_hal_sysrtc.o
LOAD ./simplicity_sdk_2024.6.0/platform/service/clock_manager/src/sl_clock_manager.o
LOAD ./simplicity_sdk_2024.6.0/platform/service/clock_manager/src/sl_clock_manager_hal_s2.o
LOAD ./simplicity_sdk_2024.6.0/platform/service/clock_manager/src/sl_clock_manager_init.o
LOAD ./simplicity_sdk_2024.6.0/platform/service/clock_manager/src/sl_clock_manager_init_hal_s2.o
LOAD ./simplicity_sdk_2024.6.0/platform/service/device_init/src/sl_device_init_dcdc_s2.o
LOAD ./simplicity_sdk_2024.6.0/platform/service/device_init/src/sl_device_init_emu_s2.o
LOAD ./simplicity_sdk_2024.6.0/platform/service/device_manager/clocks/sl_device_clock_efr32xg23.o
LOAD ./simplicity_sdk_2024.6.0/platform/service/device_manager/devices/sl_device_peripheral_hal_efr32xg23.o
LOAD ./simplicity_sdk_2024.6.0/platform/service/device_manager/gpios/sl_device_gpio_common.o
LOAD ./simplicity_sdk_2024.6.0/platform/service/device_manager/src/sl_device_clock.o
LOAD ./simplicity_sdk_2024.6.0/platform/service/device_manager/src/sl_device_gpio.o
LOAD ./simplicity_sdk_2024.6.0/platform/service/device_manager/src/sl_device_peripheral.o
LOAD ./simplicity_sdk_2024.6.0/platform/service/interrupt_manager/src/sl_interrupt_manager_cortexm.o
LOAD ./simplicity_sdk_2024.6.0/platform/service/iostream/src/sl_iostream.o
LOAD ./simplicity_sdk_2024.6.0/platform/service/iostream/src/sl_iostream_retarget_stdio.o
LOAD ./simplicity_sdk_2024.6.0/platform/service/iostream/src/sl_iostream_uart.o
LOAD ./simplicity_sdk_2024.6.0/platform/service/iostream/src/sl_iostream_usart.o
LOAD ./simplicity_sdk_2024.6.0/platform/service/memory_manager/src/sl_memory_manager_region.o
LOAD ./simplicity_sdk_2024.6.0/platform/service/sleeptimer/src/sl_sleeptimer.o
LOAD ./simplicity_sdk_2024.6.0/platform/service/sleeptimer/src/sl_sleeptimer_hal_burtc.o
LOAD ./simplicity_sdk_2024.6.0/platform/service/sleeptimer/src/sl_sleeptimer_hal_sysrtc.o
LOAD ./simplicity_sdk_2024.6.0/platform/service/sleeptimer/src/sl_sleeptimer_hal_timer.o
LOAD ./simplicity_sdk_2024.6.0/platform/service/system/src/sl_system_init.o
LOAD ./simplicity_sdk_2024.6.0/platform/service/system/src/sl_system_process_action.o
LOAD ./simplicity_sdk_2024.6.0/platform/service/udelay/src/sl_udelay.o
LOAD ./simplicity_sdk_2024.6.0/platform/service/udelay/src/sl_udelay_armv6m_gcc.o
LOAD c:/siliconlabs/simplicitystudio/v5/developer/toolchains/gnu_arm/12.2.rel1_2023.7/bin/../lib/gcc/arm-none-eabi/12.2.1/thumb/v8-m.main+fp/hard\libgcc.a
LOAD c:/siliconlabs/simplicitystudio/v5/developer/toolchains/gnu_arm/12.2.rel1_2023.7/bin/../lib/gcc/arm-none-eabi/12.2.1/thumb/v8-m.main+fp/hard\libc_nano.a
LOAD c:/siliconlabs/simplicitystudio/v5/developer/toolchains/gnu_arm/12.2.rel1_2023.7/bin/../lib/gcc/arm-none-eabi/12.2.1/thumb/v8-m.main+fp/hard\libm.a
LOAD c:/siliconlabs/simplicitystudio/v5/developer/toolchains/gnu_arm/12.2.rel1_2023.7/bin/../lib/gcc/arm-none-eabi/12.2.1/thumb/v8-m.main+fp/hard\libnosys.a
END GROUP
START GROUP
LOAD c:/siliconlabs/simplicitystudio/v5/developer/toolchains/gnu_arm/12.2.rel1_2023.7/bin/../lib/gcc/arm-none-eabi/12.2.1/thumb/v8-m.main+fp/hard\libgcc.a
LOAD c:/siliconlabs/simplicitystudio/v5/developer/toolchains/gnu_arm/12.2.rel1_2023.7/bin/../lib/gcc/arm-none-eabi/12.2.1/thumb/v8-m.main+fp/hard\libc_nano.a
LOAD c:/siliconlabs/simplicitystudio/v5/developer/toolchains/gnu_arm/12.2.rel1_2023.7/bin/../lib/gcc/arm-none-eabi/12.2.1/thumb/v8-m.main+fp/hard\libnosys.a
END GROUP
START GROUP
LOAD c:/siliconlabs/simplicitystudio/v5/developer/toolchains/gnu_arm/12.2.rel1_2023.7/bin/../lib/gcc/arm-none-eabi/12.2.1/thumb/v8-m.main+fp/hard\libgcc.a
LOAD c:/siliconlabs/simplicitystudio/v5/developer/toolchains/gnu_arm/12.2.rel1_2023.7/bin/../lib/gcc/arm-none-eabi/12.2.1/thumb/v8-m.main+fp/hard\libg_nano.a
LOAD c:/siliconlabs/simplicitystudio/v5/developer/toolchains/gnu_arm/12.2.rel1_2023.7/bin/../lib/gcc/arm-none-eabi/12.2.1/thumb/v8-m.main+fp/hard\libc_nano.a
END GROUP
START GROUP
LOAD c:/siliconlabs/simplicitystudio/v5/developer/toolchains/gnu_arm/12.2.rel1_2023.7/bin/../lib/gcc/arm-none-eabi/12.2.1/thumb/v8-m.main+fp/hard\libgcc.a
LOAD c:/siliconlabs/simplicitystudio/v5/developer/toolchains/gnu_arm/12.2.rel1_2023.7/bin/../lib/gcc/arm-none-eabi/12.2.1/thumb/v8-m.main+fp/hard\libc_nano.a
END GROUP
LOAD c:/siliconlabs/simplicitystudio/v5/developer/toolchains/gnu_arm/12.2.rel1_2023.7/bin/../lib/gcc/arm-none-eabi/12.2.1/thumb/v8-m.main+fp/hard/crtend.o
LOAD c:/siliconlabs/simplicitystudio/v5/developer/toolchains/gnu_arm/12.2.rel1_2023.7/bin/../lib/gcc/arm-none-eabi/12.2.1/thumb/v8-m.main+fp/hard/crtn.o

.vectors        0x08000000      0x170
                0x08000000                linker_vectors_begin = .
 *(.vectors)
 .vectors       0x08000000      0x170 ./simplicity_sdk_2024.6.0/platform/Device/SiliconLabs/EFR32FG23/Source/startup_efr32fg23.o
                0x08000000                __Vectors
                0x08000170                linker_vectors_end = .
                0x08000170                __Vectors_End = .
                0x08000170                __Vectors_Size = (__Vectors_End - __Vectors)
                0x08000170                __lma_ramfuncs_start__ = .

.stack          0x20000000     0x1000
                0x20000000                . = ALIGN (0x8)
                0x20000000                __StackLimit = .
 *(.stack*)
 .stack         0x20000000     0x1000 ./simplicity_sdk_2024.6.0/platform/service/memory_manager/src/sl_memory_manager_region.o
                0x20001000                . = ALIGN (0x4)
                0x20001000                __StackTop = .
                0x20001000                PROVIDE (__stack = __StackTop)

.noinit
 *(.noinit*)

.bss            0x20001000      0x3d0
                0x20001000                . = ALIGN (0x4)
                0x20001000                __bss_start__ = .
 *(SORT_BY_ALIGNMENT(.bss*))
 .bss.object.0  0x20001000       0x18 c:/siliconlabs/simplicitystudio/v5/developer/toolchains/gnu_arm/12.2.rel1_2023.7/bin/../lib/gcc/arm-none-eabi/12.2.1/thumb/v8-m.main+fp/hard/crtbegin.o
 .bss.sl_i2cspm_sensor
                0x20001018        0x4 ./app.o
 .bss.context_vcom
                0x2000101c       0x4c ./autogen/sl_iostream_init_usart_instances.o
 .bss.sl_iostream_vcom
                0x20001068       0x18 ./autogen/sl_iostream_init_usart_instances.o
 .bss.dmaXfer   0x20001080      0x100 ./simplicity_sdk_2024.6.0/platform/emdrv/dmadrv/src/dmadrv.o
 .bss.chTable   0x20001180       0x80 ./simplicity_sdk_2024.6.0/platform/emdrv/dmadrv/src/dmadrv.o
 .bss.i2cTransfer
                0x20001200       0x18 ./simplicity_sdk_2024.6.0/platform/emlib/src/em_i2c.o
 .bss.sli_iostream_default
                0x20001218        0x4 ./simplicity_sdk_2024.6.0/platform/service/iostream/src/sl_iostream.o
 .bss.max_millisecond_conversion
                0x2000121c        0x4 ./simplicity_sdk_2024.6.0/platform/service/sleeptimer/src/sl_sleeptimer.o
 .bss.last_delta_update_count
                0x20001220        0x4 ./simplicity_sdk_2024.6.0/platform/service/sleeptimer/src/sl_sleeptimer.o
 .bss.timer_head
                0x20001224        0x4 ./simplicity_sdk_2024.6.0/platform/service/sleeptimer/src/sl_sleeptimer.o
 .bss.timer_frequency
                0x20001228        0x4 ./simplicity_sdk_2024.6.0/platform/service/sleeptimer/src/sl_sleeptimer.o
 .bss.__sf      0x2000122c      0x138 c:/siliconlabs/simplicitystudio/v5/developer/toolchains/gnu_arm/12.2.rel1_2023.7/bin/../lib/gcc/arm-none-eabi/12.2.1/thumb/v8-m.main+fp/hard\libc_nano.a(libc_a-findfp.o)
                0x2000122c                __sf
 .bss.__stdio_exit_handler
                0x20001364        0x4 c:/siliconlabs/simplicitystudio/v5/developer/toolchains/gnu_arm/12.2.rel1_2023.7/bin/../lib/gcc/arm-none-eabi/12.2.1/thumb/v8-m.main+fp/hard\libc_nano.a(libc_a-findfp.o)
                0x20001364                __stdio_exit_handler
 .bss.errno     0x20001368        0x4 c:/siliconlabs/simplicitystudio/v5/developer/toolchains/gnu_arm/12.2.rel1_2023.7/bin/../lib/gcc/arm-none-eabi/12.2.1/thumb/v8-m.main+fp/hard\libc_nano.a(libc_a-reent.o)
                0x20001368                errno
 .bss.__malloc_sbrk_start
                0x2000136c        0x4 c:/siliconlabs/simplicitystudio/v5/developer/toolchains/gnu_arm/12.2.rel1_2023.7/bin/../lib/gcc/arm-none-eabi/12.2.1/thumb/v8-m.main+fp/hard\libc_nano.a(libc_a-mallocr.o)
                0x2000136c                __malloc_sbrk_start
 .bss.__malloc_free_list
                0x20001370        0x4 c:/siliconlabs/simplicitystudio/v5/developer/toolchains/gnu_arm/12.2.rel1_2023.7/bin/../lib/gcc/arm-none-eabi/12.2.1/thumb/v8-m.main+fp/hard\libc_nano.a(libc_a-mallocr.o)
                0x20001370                __malloc_free_list
 .bss.overflow_counter
                0x20001374        0x2 ./simplicity_sdk_2024.6.0/platform/service/sleeptimer/src/sl_sleeptimer.o
 .bss.completed.1
                0x20001376        0x1 c:/siliconlabs/simplicitystudio/v5/developer/toolchains/gnu_arm/12.2.rel1_2023.7/bin/../lib/gcc/arm-none-eabi/12.2.1/thumb/v8-m.main+fp/hard/crtbegin.o
 .bss.rx_buffer_vcom
                0x20001377       0x50 ./autogen/sl_iostream_init_usart_instances.o
 .bss.initialized
                0x200013c7        0x1 ./simplicity_sdk_2024.6.0/platform/emdrv/dmadrv/src/dmadrv.o
 .bss.vScaleEM01Config
                0x200013c8        0x1 ./simplicity_sdk_2024.6.0/platform/emlib/src/em_emu.o
 .bss.sleep_on_isr_exit
                0x200013c9        0x1 ./simplicity_sdk_2024.6.0/platform/service/sleeptimer/src/sl_sleeptimer.o
 .bss.next_timer_to_expire_is_power_manager
                0x200013ca        0x1 ./simplicity_sdk_2024.6.0/platform/service/sleeptimer/src/sl_sleeptimer.o
 .bss.is_sleeptimer_initialized
                0x200013cb        0x1 ./simplicity_sdk_2024.6.0/platform/service/sleeptimer/src/sl_sleeptimer.o
 .bss.__lock___malloc_recursive_mutex
                0x200013cc        0x1 c:/siliconlabs/simplicitystudio/v5/developer/toolchains/gnu_arm/12.2.rel1_2023.7/bin/../lib/gcc/arm-none-eabi/12.2.1/thumb/v8-m.main+fp/hard\libc_nano.a(libc_a-lock.o)
                0x200013cc                __lock___malloc_recursive_mutex
 .bss.__lock___sfp_recursive_mutex
                0x200013cd        0x1 c:/siliconlabs/simplicitystudio/v5/developer/toolchains/gnu_arm/12.2.rel1_2023.7/bin/../lib/gcc/arm-none-eabi/12.2.1/thumb/v8-m.main+fp/hard\libc_nano.a(libc_a-lock.o)
                0x200013cd                __lock___sfp_recursive_mutex
 *(COMMON)
                0x200013d0                . = ALIGN (0x4)
 *fill*         0x200013ce        0x2 
                0x200013d0                __bss_end__ = .

text_application_ram
                0x200013d0        0x0 load address 0x08000170
                0x200013d0                . = ALIGN (0x4)
                0x200013d0                __vma_ramfuncs_start__ = .
                0x200013d0                __text_application_ram_start__ = .
 *(text_application_ram)
                0x200013d0                . = ALIGN (0x4)
                0x200013d0                __vma_ramfuncs_end__ = .
                0x200013d0                __text_application_ram_end__ = .

.rodata         0x08000170        0x0
                0x08000170                __lma_ramfuncs_end__ = .
                0x08000170                __rodata_start__ = .
                0x08000170                __rodata_end__ = .

.text           0x08000170     0x69b0
                0x08000170                linker_code_begin = .
 *(SORT_BY_ALIGNMENT(.text*))
 .text          0x08000170        0x8 ./simplicity_sdk_2024.6.0/platform/service/udelay/src/sl_udelay_armv6m_gcc.o
                0x08000170                sli_delay_loop
 .text.deregister_tm_clones
                0x08000178       0x1c c:/siliconlabs/simplicitystudio/v5/developer/toolchains/gnu_arm/12.2.rel1_2023.7/bin/../lib/gcc/arm-none-eabi/12.2.1/thumb/v8-m.main+fp/hard/crtbegin.o
 .text.register_tm_clones
                0x08000194       0x28 c:/siliconlabs/simplicitystudio/v5/developer/toolchains/gnu_arm/12.2.rel1_2023.7/bin/../lib/gcc/arm-none-eabi/12.2.1/thumb/v8-m.main+fp/hard/crtbegin.o
 .text.__do_global_dtors_aux
                0x080001bc       0x28 c:/siliconlabs/simplicitystudio/v5/developer/toolchains/gnu_arm/12.2.rel1_2023.7/bin/../lib/gcc/arm-none-eabi/12.2.1/thumb/v8-m.main+fp/hard/crtbegin.o
 .text.frame_dummy
                0x080001e4       0x24 c:/siliconlabs/simplicitystudio/v5/developer/toolchains/gnu_arm/12.2.rel1_2023.7/bin/../lib/gcc/arm-none-eabi/12.2.1/thumb/v8-m.main+fp/hard/crtbegin.o
 .text          0x08000208       0x7c c:/siliconlabs/simplicitystudio/v5/developer/toolchains/gnu_arm/12.2.rel1_2023.7/bin/../lib/gcc/arm-none-eabi/12.2.1/thumb/v8-m.main+fp/hard/crt0.o
                0x08000208                _stack_init
                0x08000210                _start
                0x08000210                _mainCRTStartup
 .text.app_init
                0x08000284       0x34 ./app.o
                0x08000284                app_init
 .text.app_process_action
                0x080002b8       0x8c ./app.o
                0x080002b8                app_process_action
 .text.sl_platform_init
                0x08000344       0x94 ./autogen/sl_event_handler.o
                0x08000344                sl_platform_init
 .text.sl_i2cspm_init_instances
                0x080003d8       0x1c ./autogen/sl_i2cspm_init.o
                0x080003d8                sl_i2cspm_init_instances
 .text.sl_iostream_usart_init_vcom
                0x080003f4       0xa4 ./autogen/sl_iostream_init_usart_instances.o
                0x080003f4                sl_iostream_usart_init_vcom
 .text.sl_iostream_usart_init_instances
                0x08000498       0x1c ./autogen/sl_iostream_init_usart_instances.o
                0x08000498                sl_iostream_usart_init_instances
 .text.USART0_RX_IRQHandler
                0x080004b4        0xc ./autogen/sl_iostream_init_usart_instances.o
                0x080004b4                USART0_RX_IRQHandler
 .text.sl_board_init
                0x080004c0       0x14 ./simplicity_sdk_2024.6.0/hardware/board/src/sl_board_init.o
                0x080004c0                sl_board_init
 .text.sl_board_preinit
                0x080004d4        0xc ./simplicity_sdk_2024.6.0/hardware/board/src/sl_board_init.o
                0x080004d4                sl_board_preinit
 .text.CopyRamFuncs
                0x080004e0       0x1c ./simplicity_sdk_2024.6.0/platform/Device/SiliconLabs/EFR32FG23/Source/startup_efr32fg23.o
                0x080004e0                CopyRamFuncs
 .text.Reset_Handler
                0x080004fc       0x64 ./simplicity_sdk_2024.6.0/platform/Device/SiliconLabs/EFR32FG23/Source/startup_efr32fg23.o
                0x080004fc                Reset_Handler
 .text.SystemInit
                0x08000560       0x64 ./simplicity_sdk_2024.6.0/platform/Device/SiliconLabs/EFR32FG23/Source/system_efr32fg23.o
                0x08000560                SystemInit
 .text.SystemHFRCODPLLClockGet
                0x080005c4        0xc ./simplicity_sdk_2024.6.0/platform/Device/SiliconLabs/EFR32FG23/Source/system_efr32fg23.o
                0x080005c4                SystemHFRCODPLLClockGet
 .text.SystemHFRCODPLLClockSet
                0x080005d0        0xc ./simplicity_sdk_2024.6.0/platform/Device/SiliconLabs/EFR32FG23/Source/system_efr32fg23.o
                0x080005d0                SystemHFRCODPLLClockSet
 .text.SystemSYSCLKGet
                0x080005dc       0x34 ./simplicity_sdk_2024.6.0/platform/Device/SiliconLabs/EFR32FG23/Source/system_efr32fg23.o
                0x080005dc                SystemSYSCLKGet
 .text.SystemHCLKGet
                0x08000610       0x24 ./simplicity_sdk_2024.6.0/platform/Device/SiliconLabs/EFR32FG23/Source/system_efr32fg23.o
                0x08000610                SystemHCLKGet
 .text.SystemMaxCoreClockGet
                0x08000634        0x8 ./simplicity_sdk_2024.6.0/platform/Device/SiliconLabs/EFR32FG23/Source/system_efr32fg23.o
                0x08000634                SystemMaxCoreClockGet
 .text.SystemHFXOClockGet
                0x0800063c        0xc ./simplicity_sdk_2024.6.0/platform/Device/SiliconLabs/EFR32FG23/Source/system_efr32fg23.o
                0x0800063c                SystemHFXOClockGet
 .text.SystemHFXOClockSet
                0x08000648       0x20 ./simplicity_sdk_2024.6.0/platform/Device/SiliconLabs/EFR32FG23/Source/system_efr32fg23.o
                0x08000648                SystemHFXOClockSet
 .text.SystemFSRCOClockGet
                0x08000668        0x8 ./simplicity_sdk_2024.6.0/platform/Device/SiliconLabs/EFR32FG23/Source/system_efr32fg23.o
                0x08000668                SystemFSRCOClockGet
 .text.SystemHFRCOEM23ClockGet
                0x08000670       0x84 ./simplicity_sdk_2024.6.0/platform/Device/SiliconLabs/EFR32FG23/Source/system_efr32fg23.o
                0x08000670                SystemHFRCOEM23ClockGet
 .text.SystemLFXOClockGet
                0x080006f4        0xc ./simplicity_sdk_2024.6.0/platform/Device/SiliconLabs/EFR32FG23/Source/system_efr32fg23.o
                0x080006f4                SystemLFXOClockGet
 .text.sl_debug_swo_init
                0x08000700       0xcc ./simplicity_sdk_2024.6.0/platform/driver/debug/src/sl_debug_swo.o
                0x08000700                sl_debug_swo_init
 .text.sl_debug_swo_write_u8
                0x080007cc       0x44 ./simplicity_sdk_2024.6.0/platform/driver/debug/src/sl_debug_swo.o
                0x080007cc                sl_debug_swo_write_u8
 .text.I2CSPM_Init
                0x08000810      0x148 ./simplicity_sdk_2024.6.0/platform/driver/i2cspm/src/sl_i2cspm.o
                0x08000810                I2CSPM_Init
 .text.I2CSPM_Transfer
                0x08000958       0x20 ./simplicity_sdk_2024.6.0/platform/driver/i2cspm/src/sl_i2cspm.o
                0x08000958                I2CSPM_Transfer
 .text.StartTransfer
                0x08000978      0x17c ./simplicity_sdk_2024.6.0/platform/emdrv/dmadrv/src/dmadrv.o
 .text.DMADRV_AllocateChannel
                0x08000af4       0x60 ./simplicity_sdk_2024.6.0/platform/emdrv/dmadrv/src/dmadrv.o
                0x08000af4                DMADRV_AllocateChannel
 .text.DMADRV_DeInit
                0x08000b54       0x44 ./simplicity_sdk_2024.6.0/platform/emdrv/dmadrv/src/dmadrv.o
                0x08000b54                DMADRV_DeInit
 .text.DMADRV_FreeChannel
                0x08000b98       0x4c ./simplicity_sdk_2024.6.0/platform/emdrv/dmadrv/src/dmadrv.o
                0x08000b98                DMADRV_FreeChannel
 .text.DMADRV_Init
                0x08000be4       0x68 ./simplicity_sdk_2024.6.0/platform/emdrv/dmadrv/src/dmadrv.o
                0x08000be4                DMADRV_Init
 .text.DMADRV_PauseTransfer
                0x08000c4c       0x40 ./simplicity_sdk_2024.6.0/platform/emdrv/dmadrv/src/dmadrv.o
                0x08000c4c                DMADRV_PauseTransfer
 .text.DMADRV_ResumeTransfer
                0x08000c8c       0x40 ./simplicity_sdk_2024.6.0/platform/emdrv/dmadrv/src/dmadrv.o
                0x08000c8c                DMADRV_ResumeTransfer
 .text.DMADRV_StopTransfer
                0x08000ccc       0x40 ./simplicity_sdk_2024.6.0/platform/emdrv/dmadrv/src/dmadrv.o
                0x08000ccc                DMADRV_StopTransfer
 .text.DMADRV_TransferCompletePending
                0x08000d0c       0x50 ./simplicity_sdk_2024.6.0/platform/emdrv/dmadrv/src/dmadrv.o
                0x08000d0c                DMADRV_TransferCompletePending
 .text.DMADRV_TransferDone
                0x08000d5c       0x44 ./simplicity_sdk_2024.6.0/platform/emdrv/dmadrv/src/dmadrv.o
                0x08000d5c                DMADRV_TransferDone
 .text.LDMA_IRQHandler
                0x08000da0       0x74 ./simplicity_sdk_2024.6.0/platform/emdrv/dmadrv/src/dmadrv.o
                0x08000da0                LDMA_IRQHandler
 .text.EMU_VScaleGet
                0x08000e14       0x18 ./simplicity_sdk_2024.6.0/platform/emlib/src/em_cmu.o
 .text.HFRCODPLLDevinfoGet
                0x08000e2c      0x108 ./simplicity_sdk_2024.6.0/platform/emlib/src/em_cmu.o
 .text.em01GrpaClkGet
                0x08000f34       0x74 ./simplicity_sdk_2024.6.0/platform/emlib/src/em_cmu.o
 .text.em01GrpcClkGet
                0x08000fa8       0x70 ./simplicity_sdk_2024.6.0/platform/emlib/src/em_cmu.o
 .text.iadcClkGet
                0x08001018       0x60 ./simplicity_sdk_2024.6.0/platform/emlib/src/em_cmu.o
 .text.lesenseHFClkGet
                0x08001078       0x48 ./simplicity_sdk_2024.6.0/platform/emlib/src/em_cmu.o
 .text.eusart0ClkGet
                0x080010c0       0x74 ./simplicity_sdk_2024.6.0/platform/emlib/src/em_cmu.o
 .text.em23GrpaClkGet
                0x08001134       0x48 ./simplicity_sdk_2024.6.0/platform/emlib/src/em_cmu.o
 .text.vdac0ClkGet
                0x0800117c       0x70 ./simplicity_sdk_2024.6.0/platform/emlib/src/em_cmu.o
 .text.pcnt0ClkGet
                0x080011ec       0x4c ./simplicity_sdk_2024.6.0/platform/emlib/src/em_cmu.o
 .text.wdog0ClkGet
                0x08001238       0x64 ./simplicity_sdk_2024.6.0/platform/emlib/src/em_cmu.o
 .text.wdog1ClkGet
                0x0800129c       0x64 ./simplicity_sdk_2024.6.0/platform/emlib/src/em_cmu.o
 .text.sysrtcClkGet
                0x08001300       0x48 ./simplicity_sdk_2024.6.0/platform/emlib/src/em_cmu.o
 .text.lcdClkGet
                0x08001348       0x54 ./simplicity_sdk_2024.6.0/platform/emlib/src/em_cmu.o
 .text.em4GrpaClkGet
                0x0800139c       0x48 ./simplicity_sdk_2024.6.0/platform/emlib/src/em_cmu.o
 .text.CMU_ClockDivGet
                0x080013e4       0x84 ./simplicity_sdk_2024.6.0/platform/emlib/src/em_cmu.o
                0x080013e4                CMU_ClockDivGet
 .text.flashWaitStateControl
                0x08001468       0x58 ./simplicity_sdk_2024.6.0/platform/emlib/src/em_cmu.o
 .text.CMU_ClockEnable
                0x080014c0       0x50 ./simplicity_sdk_2024.6.0/platform/emlib/src/em_cmu.o
                0x080014c0                CMU_ClockEnable
 .text.CMU_ClockFreqGet
                0x08001510      0x274 ./simplicity_sdk_2024.6.0/platform/emlib/src/em_cmu.o
                0x08001510                CMU_ClockFreqGet
 .text.rhclkPrescOptimize
                0x08001784       0x20 ./simplicity_sdk_2024.6.0/platform/emlib/src/em_cmu.o
 .text.CMU_ClockSelectGet
                0x080017a4      0x268 ./simplicity_sdk_2024.6.0/platform/emlib/src/em_cmu.o
                0x080017a4                CMU_ClockSelectGet
 .text.sli_em_cmu_SYSTICEXTCLKENClear
                0x08001a0c       0x30 ./simplicity_sdk_2024.6.0/platform/emlib/src/em_cmu.o
                0x08001a0c                sli_em_cmu_SYSTICEXTCLKENClear
 .text.CMU_HFXOInit
                0x08001a3c      0x238 ./simplicity_sdk_2024.6.0/platform/emlib/src/em_cmu.o
                0x08001a3c                CMU_HFXOInit
 .text.CMU_HFXOCTuneDeltaGet
                0x08001c74        0xc ./simplicity_sdk_2024.6.0/platform/emlib/src/em_cmu.o
                0x08001c74                CMU_HFXOCTuneDeltaGet
 .text.CMU_LFXOInit
                0x08001c80       0xc4 ./simplicity_sdk_2024.6.0/platform/emlib/src/em_cmu.o
                0x08001c80                CMU_LFXOInit
 .text.CMU_LFXOPrecisionSet
                0x08001d44        0xc ./simplicity_sdk_2024.6.0/platform/emlib/src/em_cmu.o
                0x08001d44                CMU_LFXOPrecisionSet
 .text.CMU_HFXOPrecisionSet
                0x08001d50        0xc ./simplicity_sdk_2024.6.0/platform/emlib/src/em_cmu.o
                0x08001d50                CMU_HFXOPrecisionSet
 .text.CMU_ClockDivSet
                0x08001d5c      0x104 ./simplicity_sdk_2024.6.0/platform/emlib/src/em_cmu.o
                0x08001d5c                CMU_ClockDivSet
 .text.sli_em_cmu_SYSCLKInitPreClockSelect
                0x08001e60       0x20 ./simplicity_sdk_2024.6.0/platform/emlib/src/em_cmu.o
                0x08001e60                sli_em_cmu_SYSCLKInitPreClockSelect
 .text.pclkDivOptimize
                0x08001e80       0x24 ./simplicity_sdk_2024.6.0/platform/emlib/src/em_cmu.o
 .text.CMU_HFRCODPLLBandSet
                0x08001ea4      0x11c ./simplicity_sdk_2024.6.0/platform/emlib/src/em_cmu.o
                0x08001ea4                CMU_HFRCODPLLBandSet
 .text.CMU_HFRCOEM23BandSet
                0x08001fc0      0x168 ./simplicity_sdk_2024.6.0/platform/emlib/src/em_cmu.o
                0x08001fc0                CMU_HFRCOEM23BandSet
 .text.EMU_DCDCSync
                0x08002128       0x10 ./simplicity_sdk_2024.6.0/platform/emlib/src/em_emu.o
 .text.EMU_EM4Init
                0x08002138       0x14 ./simplicity_sdk_2024.6.0/platform/emlib/src/em_emu.o
                0x08002138                EMU_EM4Init
 .text.EMU_VScaleEM01
                0x0800214c       0xa8 ./simplicity_sdk_2024.6.0/platform/emlib/src/em_emu.o
                0x0800214c                EMU_VScaleEM01
 .text.EMU_VScaleEM01ByClock
                0x080021f4       0x30 ./simplicity_sdk_2024.6.0/platform/emlib/src/em_emu.o
                0x080021f4                EMU_VScaleEM01ByClock
 .text.EMU_DCDCModeSet
                0x08002224       0xac ./simplicity_sdk_2024.6.0/platform/emlib/src/em_emu.o
                0x08002224                EMU_DCDCModeSet
 .text.EMU_DCDCInit
                0x080022d0       0x70 ./simplicity_sdk_2024.6.0/platform/emlib/src/em_emu.o
                0x080022d0                EMU_DCDCInit
 .text.EMU_DCDCSetPFMXModePeakCurrent
                0x08002340       0x6c ./simplicity_sdk_2024.6.0/platform/emlib/src/em_emu.o
                0x08002340                EMU_DCDCSetPFMXModePeakCurrent
 .text.GPIO_PinOutSet
                0x080023ac       0x3c ./simplicity_sdk_2024.6.0/platform/emlib/src/em_gpio.o
 .text.GPIO_PinOutClear
                0x080023e8       0x3c ./simplicity_sdk_2024.6.0/platform/emlib/src/em_gpio.o
 .text.GPIO_PinModeSet
                0x08002424       0x94 ./simplicity_sdk_2024.6.0/platform/emlib/src/em_gpio.o
                0x08002424                GPIO_PinModeSet
 .text.I2C_BusFreqSet
                0x080024b8      0x108 ./simplicity_sdk_2024.6.0/platform/emlib/src/em_i2c.o
                0x080024b8                I2C_BusFreqSet
 .text.I2C_Enable
                0x080025c0       0x38 ./simplicity_sdk_2024.6.0/platform/emlib/src/em_i2c.o
                0x080025c0                I2C_Enable
 .text.I2C_Init
                0x080025f8       0x64 ./simplicity_sdk_2024.6.0/platform/emlib/src/em_i2c.o
                0x080025f8                I2C_Init
 .text.I2C_Transfer
                0x0800265c      0x23c ./simplicity_sdk_2024.6.0/platform/emlib/src/em_i2c.o
                0x0800265c                I2C_Transfer
 .text.I2C_TransferInit
                0x08002898       0xbc ./simplicity_sdk_2024.6.0/platform/emlib/src/em_i2c.o
                0x08002898                I2C_TransferInit
 .text.LDMA_DeInit
                0x08002954       0x2c ./simplicity_sdk_2024.6.0/platform/emlib/src/em_ldma.o
                0x08002954                LDMA_DeInit
 .text.LDMA_EnableChannelRequest
                0x08002980       0x40 ./simplicity_sdk_2024.6.0/platform/emlib/src/em_ldma.o
                0x08002980                LDMA_EnableChannelRequest
 .text.LDMA_Init
                0x080029c0       0x90 ./simplicity_sdk_2024.6.0/platform/emlib/src/em_ldma.o
                0x080029c0                LDMA_Init
 .text.LDMA_StartTransfer
                0x08002a50      0x10c ./simplicity_sdk_2024.6.0/platform/emlib/src/em_ldma.o
                0x08002a50                LDMA_StartTransfer
 .text.LDMA_StopTransfer
                0x08002b5c       0x38 ./simplicity_sdk_2024.6.0/platform/emlib/src/em_ldma.o
                0x08002b5c                LDMA_StopTransfer
 .text.LDMA_TransferDone
                0x08002b94       0x44 ./simplicity_sdk_2024.6.0/platform/emlib/src/em_ldma.o
                0x08002b94                LDMA_TransferDone
 .text.USART_BaudrateAsyncSet
                0x08002bd8       0xe0 ./simplicity_sdk_2024.6.0/platform/emlib/src/em_usart.o
                0x08002bd8                USART_BaudrateAsyncSet
 .text.USART_Enable
                0x08002cb8       0x3c ./simplicity_sdk_2024.6.0/platform/emlib/src/em_usart.o
                0x08002cb8                USART_Enable
 .text.USART_Reset
                0x08002cf4       0x58 ./simplicity_sdk_2024.6.0/platform/emlib/src/em_usart.o
                0x08002cf4                USART_Reset
 .text.USART_InitAsync
                0x08002d4c       0xd4 ./simplicity_sdk_2024.6.0/platform/emlib/src/em_usart.o
                0x08002d4c                USART_InitAsync
 .text.sl_hal_sysrtc_wait_sync
                0x08002e20       0x14 ./simplicity_sdk_2024.6.0/platform/peripheral/src/sl_hal_sysrtc.o
                0x08002e20                sl_hal_sysrtc_wait_sync
 .text.sl_hal_sysrtc_wait_ready
                0x08002e34       0x1c ./simplicity_sdk_2024.6.0/platform/peripheral/src/sl_hal_sysrtc.o
                0x08002e34                sl_hal_sysrtc_wait_ready
 .text.sl_hal_sysrtc_stop
                0x08002e50       0x14 ./simplicity_sdk_2024.6.0/platform/peripheral/src/sl_hal_sysrtc.o
                0x08002e50                sl_hal_sysrtc_stop
 .text.sl_hal_sysrtc_enable
                0x08002e64       0x18 ./simplicity_sdk_2024.6.0/platform/peripheral/src/sl_hal_sysrtc.o
                0x08002e64                sl_hal_sysrtc_enable
 .text.sl_hal_sysrtc_disable
                0x08002e7c       0x1c ./simplicity_sdk_2024.6.0/platform/peripheral/src/sl_hal_sysrtc.o
                0x08002e7c                sl_hal_sysrtc_disable
 .text.sl_hal_sysrtc_init
                0x08002e98       0x20 ./simplicity_sdk_2024.6.0/platform/peripheral/src/sl_hal_sysrtc.o
                0x08002e98                sl_hal_sysrtc_init
 .text.sl_hal_sysrtc_init_group
                0x08002eb8       0x48 ./simplicity_sdk_2024.6.0/platform/peripheral/src/sl_hal_sysrtc.o
                0x08002eb8                sl_hal_sysrtc_init_group
 .text.sl_hal_sysrtc_enable_group_interrupts
                0x08002f00       0x1c ./simplicity_sdk_2024.6.0/platform/peripheral/src/sl_hal_sysrtc.o
                0x08002f00                sl_hal_sysrtc_enable_group_interrupts
 .text.sl_hal_sysrtc_disable_group_interrupts
                0x08002f1c       0x1c ./simplicity_sdk_2024.6.0/platform/peripheral/src/sl_hal_sysrtc.o
                0x08002f1c                sl_hal_sysrtc_disable_group_interrupts
 .text.sl_hal_sysrtc_clear_group_interrupts
                0x08002f38       0x1c ./simplicity_sdk_2024.6.0/platform/peripheral/src/sl_hal_sysrtc.o
                0x08002f38                sl_hal_sysrtc_clear_group_interrupts
 .text.sl_hal_sysrtc_get_group_interrupts
                0x08002f54       0x20 ./simplicity_sdk_2024.6.0/platform/peripheral/src/sl_hal_sysrtc.o
                0x08002f54                sl_hal_sysrtc_get_group_interrupts
 .text.sl_hal_sysrtc_get_group_compare_channel_value
                0x08002f74       0x30 ./simplicity_sdk_2024.6.0/platform/peripheral/src/sl_hal_sysrtc.o
                0x08002f74                sl_hal_sysrtc_get_group_compare_channel_value
 .text.sl_hal_sysrtc_set_group_compare_channel_value
                0x08002fa4       0x28 ./simplicity_sdk_2024.6.0/platform/peripheral/src/sl_hal_sysrtc.o
                0x08002fa4                sl_hal_sysrtc_set_group_compare_channel_value
 .text.sli_clock_manager_hal_enable_bus_clock
                0x08002fcc       0x54 ./simplicity_sdk_2024.6.0/platform/service/clock_manager/src/sl_clock_manager_hal_s2.o
                0x08002fcc                sli_clock_manager_hal_enable_bus_clock
 .text.sli_clock_manager_hal_init
                0x08003020      0x1fc ./simplicity_sdk_2024.6.0/platform/service/clock_manager/src/sl_clock_manager_init_hal_s2.o
                0x08003020                sli_clock_manager_hal_init
 .text.sl_device_init_dcdc
                0x0800321c       0x2c ./simplicity_sdk_2024.6.0/platform/service/device_init/src/sl_device_init_dcdc_s2.o
                0x0800321c                sl_device_init_dcdc
 .text.sl_device_init_emu
                0x08003248       0x24 ./simplicity_sdk_2024.6.0/platform/service/device_init/src/sl_device_init_emu_s2.o
                0x08003248                sl_device_init_emu
 .text.sl_interrupt_manager_disable_irq
                0x0800326c       0x3c ./simplicity_sdk_2024.6.0/platform/service/interrupt_manager/src/sl_interrupt_manager_cortexm.o
                0x0800326c                sl_interrupt_manager_disable_irq
 .text.sl_interrupt_manager_enable_irq
                0x080032a8       0x34 ./simplicity_sdk_2024.6.0/platform/service/interrupt_manager/src/sl_interrupt_manager_cortexm.o
                0x080032a8                sl_interrupt_manager_enable_irq
 .text.sl_interrupt_manager_clear_irq_pending
                0x080032dc       0x1c ./simplicity_sdk_2024.6.0/platform/service/interrupt_manager/src/sl_interrupt_manager_cortexm.o
                0x080032dc                sl_interrupt_manager_clear_irq_pending
 .text.sl_interrupt_manager_set_irq_priority
                0x080032f8       0x50 ./simplicity_sdk_2024.6.0/platform/service/interrupt_manager/src/sl_interrupt_manager_cortexm.o
                0x080032f8                sl_interrupt_manager_set_irq_priority
 .text.sl_iostream_set_default
                0x08003348       0x18 ./simplicity_sdk_2024.6.0/platform/service/iostream/src/sl_iostream.o
                0x08003348                sl_iostream_set_default
 .text.sl_iostream_get_default
                0x08003360       0x18 ./simplicity_sdk_2024.6.0/platform/service/iostream/src/sl_iostream.o
                0x08003360                sl_iostream_get_default
 .text._write   0x08003378       0x20 ./simplicity_sdk_2024.6.0/platform/service/iostream/src/sl_iostream_retarget_stdio.o
                0x08003378                _write
 .text.get_write_ptr
                0x08003398       0x40 ./simplicity_sdk_2024.6.0/platform/service/iostream/src/sl_iostream_uart.o
 .text.dma_irq_handler
                0x080033d8       0x74 ./simplicity_sdk_2024.6.0/platform/service/iostream/src/sl_iostream_uart.o
 .text.uart_deinit
                0x0800344c       0x7c ./simplicity_sdk_2024.6.0/platform/service/iostream/src/sl_iostream_uart.o
 .text.uart_read
                0x080034c8      0x1f4 ./simplicity_sdk_2024.6.0/platform/service/iostream/src/sl_iostream_uart.o
 .text.uart_write
                0x080036bc       0xc0 ./simplicity_sdk_2024.6.0/platform/service/iostream/src/sl_iostream_uart.o
 .text.sli_iostream_uart_context_init
                0x0800377c       0xe8 ./simplicity_sdk_2024.6.0/platform/service/iostream/src/sl_iostream_uart.o
                0x0800377c                sli_iostream_uart_context_init
 .text.sl_iostream_usart_init
                0x08003864      0x174 ./simplicity_sdk_2024.6.0/platform/service/iostream/src/sl_iostream_usart.o
                0x08003864                sl_iostream_usart_init
 .text._sbrk    0x080039d8       0x20 ./simplicity_sdk_2024.6.0/platform/service/memory_manager/src/sl_memory_manager_region.o
                0x080039d8                _sbrk
 .text.delta_list_insert_timer
                0x080039f8       0x40 ./simplicity_sdk_2024.6.0/platform/service/sleeptimer/src/sl_sleeptimer.o
 .text.update_delta_list
                0x08003a38       0x34 ./simplicity_sdk_2024.6.0/platform/service/sleeptimer/src/sl_sleeptimer.o
 .text.set_comparator_for_next_timer
                0x08003a6c       0x5c ./simplicity_sdk_2024.6.0/platform/service/sleeptimer/src/sl_sleeptimer.o
 .text.create_timer
                0x08003ac8       0x88 ./simplicity_sdk_2024.6.0/platform/service/sleeptimer/src/sl_sleeptimer.o
 .text.delta_list_remove_timer
                0x08003b50       0x38 ./simplicity_sdk_2024.6.0/platform/service/sleeptimer/src/sl_sleeptimer.o
 .text.sl_sleeptimer_init
                0x08003b88       0x74 ./simplicity_sdk_2024.6.0/platform/service/sleeptimer/src/sl_sleeptimer.o
                0x08003b88                sl_sleeptimer_init
 .text.sl_sleeptimer_is_timer_running
                0x08003bfc       0x3c ./simplicity_sdk_2024.6.0/platform/service/sleeptimer/src/sl_sleeptimer.o
                0x08003bfc                sl_sleeptimer_is_timer_running
 .text.sl_sleeptimer_ms_to_tick
                0x08003c38       0x24 ./simplicity_sdk_2024.6.0/platform/service/sleeptimer/src/sl_sleeptimer.o
                0x08003c38                sl_sleeptimer_ms_to_tick
 .text.sl_sleeptimer_delay_millisecond
                0x08003c5c       0x38 ./simplicity_sdk_2024.6.0/platform/service/sleeptimer/src/sl_sleeptimer.o
                0x08003c5c                sl_sleeptimer_delay_millisecond
 .text.process_timer_irq
                0x08003c94      0x150 ./simplicity_sdk_2024.6.0/platform/service/sleeptimer/src/sl_sleeptimer.o
                0x08003c94                process_timer_irq
 .text.sleeptimer_hal_init_timer
                0x08003de4       0x68 ./simplicity_sdk_2024.6.0/platform/service/sleeptimer/src/sl_sleeptimer_hal_sysrtc.o
                0x08003de4                sleeptimer_hal_init_timer
 .text.sleeptimer_hal_get_counter
                0x08003e4c       0x10 ./simplicity_sdk_2024.6.0/platform/service/sleeptimer/src/sl_sleeptimer_hal_sysrtc.o
                0x08003e4c                sleeptimer_hal_get_counter
 .text.sleeptimer_hal_set_compare
                0x08003e5c       0x70 ./simplicity_sdk_2024.6.0/platform/service/sleeptimer/src/sl_sleeptimer_hal_sysrtc.o
                0x08003e5c                sleeptimer_hal_set_compare
 .text.sleeptimer_hal_disable_int
                0x08003ecc       0x2c ./simplicity_sdk_2024.6.0/platform/service/sleeptimer/src/sl_sleeptimer_hal_sysrtc.o
                0x08003ecc                sleeptimer_hal_disable_int
 .text.sleeptimer_hal_set_int
                0x08003ef8       0x10 ./simplicity_sdk_2024.6.0/platform/service/sleeptimer/src/sl_sleeptimer_hal_sysrtc.o
                0x08003ef8                sleeptimer_hal_set_int
 .text.sleeptimer_hal_get_timer_frequency
                0x08003f08       0x18 ./simplicity_sdk_2024.6.0/platform/service/sleeptimer/src/sl_sleeptimer_hal_sysrtc.o
                0x08003f08                sleeptimer_hal_get_timer_frequency
 .text.sl_udelay_wait
                0x08003f20       0x58 ./simplicity_sdk_2024.6.0/platform/service/udelay/src/sl_udelay.o
                0x08003f20                sl_udelay_wait
 .text          0x08003f78      0x378 c:/siliconlabs/simplicitystudio/v5/developer/toolchains/gnu_arm/12.2.rel1_2023.7/bin/../lib/gcc/arm-none-eabi/12.2.1/thumb/v8-m.main+fp/hard\libgcc.a(_arm_addsubdf3.o)
                0x08003f78                __aeabi_drsub
                0x08003f80                __aeabi_dsub
                0x08003f80                __subdf3
                0x08003f84                __aeabi_dadd
                0x08003f84                __adddf3
                0x080041fc                __floatunsidf
                0x080041fc                __aeabi_ui2d
                0x0800421c                __floatsidf
                0x0800421c                __aeabi_i2d
                0x08004240                __aeabi_f2d
                0x08004240                __extendsfdf2
                0x08004284                __floatundidf
                0x08004284                __aeabi_ul2d
                0x08004294                __floatdidf
                0x08004294                __aeabi_l2d
 .text          0x080042f0      0x424 c:/siliconlabs/simplicitystudio/v5/developer/toolchains/gnu_arm/12.2.rel1_2023.7/bin/../lib/gcc/arm-none-eabi/12.2.1/thumb/v8-m.main+fp/hard\libgcc.a(_arm_muldivdf3.o)
                0x080042f0                __aeabi_dmul
                0x080042f0                __muldf3
                0x08004544                __divdf3
                0x08004544                __aeabi_ddiv
 .text          0x08004714       0xa0 c:/siliconlabs/simplicitystudio/v5/developer/toolchains/gnu_arm/12.2.rel1_2023.7/bin/../lib/gcc/arm-none-eabi/12.2.1/thumb/v8-m.main+fp/hard\libgcc.a(_arm_truncdfsf2.o)
                0x08004714                __truncdfsf2
                0x08004714                __aeabi_d2f
 .text          0x080047b4       0x30 c:/siliconlabs/simplicitystudio/v5/developer/toolchains/gnu_arm/12.2.rel1_2023.7/bin/../lib/gcc/arm-none-eabi/12.2.1/thumb/v8-m.main+fp/hard\libgcc.a(_aeabi_uldivmod.o)
                0x080047b4                __aeabi_uldivmod
 .text.__udivmoddi4
                0x080047e4      0x2ec c:/siliconlabs/simplicitystudio/v5/developer/toolchains/gnu_arm/12.2.rel1_2023.7/bin/../lib/gcc/arm-none-eabi/12.2.1/thumb/v8-m.main+fp/hard\libgcc.a(_udivmoddi4.o)
                0x080047e4                __udivmoddi4
 .text          0x08004ad0        0x4 c:/siliconlabs/simplicitystudio/v5/developer/toolchains/gnu_arm/12.2.rel1_2023.7/bin/../lib/gcc/arm-none-eabi/12.2.1/thumb/v8-m.main+fp/hard\libgcc.a(_dvmd_tls.o)
                0x08004ad0                __aeabi_idiv0
                0x08004ad0                __aeabi_ldiv0
 .text.exit     0x08004ad4       0x24 c:/siliconlabs/simplicitystudio/v5/developer/toolchains/gnu_arm/12.2.rel1_2023.7/bin/../lib/gcc/arm-none-eabi/12.2.1/thumb/v8-m.main+fp/hard\libc_nano.a(libc_a-exit.o)
                0x08004ad4                exit
 .text.std      0x08004af8       0x6c c:/siliconlabs/simplicitystudio/v5/developer/toolchains/gnu_arm/12.2.rel1_2023.7/bin/../lib/gcc/arm-none-eabi/12.2.1/thumb/v8-m.main+fp/hard\libc_nano.a(libc_a-findfp.o)
 .text.stdio_exit_handler
                0x08004b64       0x18 c:/siliconlabs/simplicitystudio/v5/developer/toolchains/gnu_arm/12.2.rel1_2023.7/bin/../lib/gcc/arm-none-eabi/12.2.1/thumb/v8-m.main+fp/hard\libc_nano.a(libc_a-findfp.o)
 .text.cleanup_stdio
                0x08004b7c       0x40 c:/siliconlabs/simplicitystudio/v5/developer/toolchains/gnu_arm/12.2.rel1_2023.7/bin/../lib/gcc/arm-none-eabi/12.2.1/thumb/v8-m.main+fp/hard\libc_nano.a(libc_a-findfp.o)
 .text.global_stdio_init.part.0
                0x08004bbc       0x3c c:/siliconlabs/simplicitystudio/v5/developer/toolchains/gnu_arm/12.2.rel1_2023.7/bin/../lib/gcc/arm-none-eabi/12.2.1/thumb/v8-m.main+fp/hard\libc_nano.a(libc_a-findfp.o)
 .text.__sfp_lock_acquire
                0x08004bf8        0xc c:/siliconlabs/simplicitystudio/v5/developer/toolchains/gnu_arm/12.2.rel1_2023.7/bin/../lib/gcc/arm-none-eabi/12.2.1/thumb/v8-m.main+fp/hard\libc_nano.a(libc_a-findfp.o)
                0x08004bf8                __sfp_lock_acquire
 .text.__sfp_lock_release
                0x08004c04        0xc c:/siliconlabs/simplicitystudio/v5/developer/toolchains/gnu_arm/12.2.rel1_2023.7/bin/../lib/gcc/arm-none-eabi/12.2.1/thumb/v8-m.main+fp/hard\libc_nano.a(libc_a-findfp.o)
                0x08004c04                __sfp_lock_release
 .text.__sinit  0x08004c10       0x30 c:/siliconlabs/simplicitystudio/v5/developer/toolchains/gnu_arm/12.2.rel1_2023.7/bin/../lib/gcc/arm-none-eabi/12.2.1/thumb/v8-m.main+fp/hard\libc_nano.a(libc_a-findfp.o)
                0x08004c10                __sinit
 .text.printf   0x08004c40       0x24 c:/siliconlabs/simplicitystudio/v5/developer/toolchains/gnu_arm/12.2.rel1_2023.7/bin/../lib/gcc/arm-none-eabi/12.2.1/thumb/v8-m.main+fp/hard\libc_nano.a(libc_a-printf.o)
                0x08004c40                iprintf
                0x08004c40                printf
 .text.snprintf
                0x08004c64       0x68 c:/siliconlabs/simplicitystudio/v5/developer/toolchains/gnu_arm/12.2.rel1_2023.7/bin/../lib/gcc/arm-none-eabi/12.2.1/thumb/v8-m.main+fp/hard\libc_nano.a(libc_a-snprintf.o)
                0x08004c64                sniprintf
                0x08004c64                snprintf
 .text._close_r
                0x08004ccc       0x20 c:/siliconlabs/simplicitystudio/v5/developer/toolchains/gnu_arm/12.2.rel1_2023.7/bin/../lib/gcc/arm-none-eabi/12.2.1/thumb/v8-m.main+fp/hard\libc_nano.a(libc_a-closer.o)
                0x08004ccc                _close_r
 .text._lseek_r
                0x08004cec       0x24 c:/siliconlabs/simplicitystudio/v5/developer/toolchains/gnu_arm/12.2.rel1_2023.7/bin/../lib/gcc/arm-none-eabi/12.2.1/thumb/v8-m.main+fp/hard\libc_nano.a(libc_a-lseekr.o)
                0x08004cec                _lseek_r
 .text._read_r  0x08004d10       0x24 c:/siliconlabs/simplicitystudio/v5/developer/toolchains/gnu_arm/12.2.rel1_2023.7/bin/../lib/gcc/arm-none-eabi/12.2.1/thumb/v8-m.main+fp/hard\libc_nano.a(libc_a-readr.o)
                0x08004d10                _read_r
 .text._write_r
                0x08004d34       0x24 c:/siliconlabs/simplicitystudio/v5/developer/toolchains/gnu_arm/12.2.rel1_2023.7/bin/../lib/gcc/arm-none-eabi/12.2.1/thumb/v8-m.main+fp/hard\libc_nano.a(libc_a-writer.o)
                0x08004d34                _write_r
 .text.__libc_init_array
                0x08004d58       0x48 c:/siliconlabs/simplicitystudio/v5/developer/toolchains/gnu_arm/12.2.rel1_2023.7/bin/../lib/gcc/arm-none-eabi/12.2.1/thumb/v8-m.main+fp/hard\libc_nano.a(libc_a-init.o)
                0x08004d58                __libc_init_array
 .text._free_r  0x08004da0       0x94 c:/siliconlabs/simplicitystudio/v5/developer/toolchains/gnu_arm/12.2.rel1_2023.7/bin/../lib/gcc/arm-none-eabi/12.2.1/thumb/v8-m.main+fp/hard\libc_nano.a(libc_a-freer.o)
                0x08004da0                _free_r
 .text.sbrk_aligned
                0x08004e34       0x44 c:/siliconlabs/simplicitystudio/v5/developer/toolchains/gnu_arm/12.2.rel1_2023.7/bin/../lib/gcc/arm-none-eabi/12.2.1/thumb/v8-m.main+fp/hard\libc_nano.a(libc_a-mallocr.o)
 .text._malloc_r
                0x08004e78       0xf0 c:/siliconlabs/simplicitystudio/v5/developer/toolchains/gnu_arm/12.2.rel1_2023.7/bin/../lib/gcc/arm-none-eabi/12.2.1/thumb/v8-m.main+fp/hard\libc_nano.a(libc_a-mallocr.o)
                0x08004e78                _malloc_r
 .text.__malloc_lock
                0x08004f68        0xc c:/siliconlabs/simplicitystudio/v5/developer/toolchains/gnu_arm/12.2.rel1_2023.7/bin/../lib/gcc/arm-none-eabi/12.2.1/thumb/v8-m.main+fp/hard\libc_nano.a(libc_a-mlock.o)
                0x08004f68                __malloc_lock
 .text.__malloc_unlock
                0x08004f74        0xc c:/siliconlabs/simplicitystudio/v5/developer/toolchains/gnu_arm/12.2.rel1_2023.7/bin/../lib/gcc/arm-none-eabi/12.2.1/thumb/v8-m.main+fp/hard\libc_nano.a(libc_a-mlock.o)
                0x08004f74                __malloc_unlock
 .text._svfprintf_r
                0x08004f80      0x1f8 c:/siliconlabs/simplicitystudio/v5/developer/toolchains/gnu_arm/12.2.rel1_2023.7/bin/../lib/gcc/arm-none-eabi/12.2.1/thumb/v8-m.main+fp/hard\libc_nano.a(libc_a-nano-svfprintf.o)
                0x08004f80                _svfiprintf_r
                0x08004f80                _svfprintf_r
 .text._vfprintf_r
                0x08005178      0x230 c:/siliconlabs/simplicitystudio/v5/developer/toolchains/gnu_arm/12.2.rel1_2023.7/bin/../lib/gcc/arm-none-eabi/12.2.1/thumb/v8-m.main+fp/hard\libc_nano.a(libc_a-nano-vfprintf.o)
                0x08005178                _vfprintf_r
                0x08005178                _vfiprintf_r
 .text._printf_i
                0x080053a8      0x258 c:/siliconlabs/simplicitystudio/v5/developer/toolchains/gnu_arm/12.2.rel1_2023.7/bin/../lib/gcc/arm-none-eabi/12.2.1/thumb/v8-m.main+fp/hard\libc_nano.a(libc_a-nano-vfprintf_i.o)
                0x080053a8                _printf_i
 .text.__swsetup_r
                0x08005600       0xac c:/siliconlabs/simplicitystudio/v5/developer/toolchains/gnu_arm/12.2.rel1_2023.7/bin/../lib/gcc/arm-none-eabi/12.2.1/thumb/v8-m.main+fp/hard\libc_nano.a(libc_a-wsetup.o)
                0x08005600                __swsetup_r
 .text._sbrk_r  0x080056ac       0x20 c:/siliconlabs/simplicitystudio/v5/developer/toolchains/gnu_arm/12.2.rel1_2023.7/bin/../lib/gcc/arm-none-eabi/12.2.1/thumb/v8-m.main+fp/hard\libc_nano.a(libc_a-sbrkr.o)
                0x080056ac                _sbrk_r
 .text._fstat_r
                0x080056cc       0x24 c:/siliconlabs/simplicitystudio/v5/developer/toolchains/gnu_arm/12.2.rel1_2023.7/bin/../lib/gcc/arm-none-eabi/12.2.1/thumb/v8-m.main+fp/hard\libc_nano.a(libc_a-fstatr.o)
                0x080056cc                _fstat_r
 .text._isatty_r
                0x080056f0       0x20 c:/siliconlabs/simplicitystudio/v5/developer/toolchains/gnu_arm/12.2.rel1_2023.7/bin/../lib/gcc/arm-none-eabi/12.2.1/thumb/v8-m.main+fp/hard\libc_nano.a(libc_a-isattyr.o)
                0x080056f0                _isatty_r
 .text.startup.main
                0x08005710       0x14 ./main.o
                0x08005710                main
 .text.sl_board_default_init
                0x08005724        0x2 ./autogen/sl_board_default_init.o
                0x08005724                sl_board_default_init
 .text.sl_driver_init
                0x08005726       0x12 ./autogen/sl_event_handler.o
                0x08005726                sl_driver_init
 .text.sl_service_init
                0x08005738       0x12 ./autogen/sl_event_handler.o
                0x08005738                sl_service_init
 .text.sl_stack_init
                0x0800574a        0x2 ./autogen/sl_event_handler.o
                0x0800574a                sl_stack_init
 .text.sl_internal_app_init
                0x0800574c        0x2 ./autogen/sl_event_handler.o
                0x0800574c                sl_internal_app_init
 .text.sl_platform_process_action
                0x0800574e        0x2 ./autogen/sl_event_handler.o
                0x0800574e                sl_platform_process_action
 .text.sl_service_process_action
                0x08005750        0x2 ./autogen/sl_event_handler.o
                0x08005750                sl_service_process_action
 .text.sl_stack_process_action
                0x08005752        0x2 ./autogen/sl_event_handler.o
                0x08005752                sl_stack_process_action
 .text.sl_internal_app_process_action
                0x08005754        0x2 ./autogen/sl_event_handler.o
                0x08005754                sl_internal_app_process_action
 .text.USART0_TX_IRQHandler
                0x08005756        0x4 ./autogen/sl_iostream_init_usart_instances.o
                0x08005756                USART0_TX_IRQHandler
 .text.sl_board_configure_vcom
                0x0800575a        0x4 ./simplicity_sdk_2024.6.0/hardware/board/src/sl_board_control_gpio.o
                0x0800575a                sl_board_configure_vcom
 .text.sli_cos_swo_itm_8_write.constprop.0.isra.0
                0x0800575e       0x78 ./simplicity_sdk_2024.6.0/hardware/driver/configuration_over_swo/src/sl_cos.o
 .text.sl_cos_send_config
                0x080057d6       0x12 ./simplicity_sdk_2024.6.0/hardware/driver/configuration_over_swo/src/sl_cos.o
                0x080057d6                sl_cos_send_config
 .text.sl_cos_config_vcom
                0x080057e8       0x1e ./simplicity_sdk_2024.6.0/hardware/driver/configuration_over_swo/src/sl_cos.o
                0x080057e8                sl_cos_config_vcom
 .text.sl_si70xx_send_command
                0x08005806       0x50 ./simplicity_sdk_2024.6.0/hardware/driver/si70xx/src/sl_si70xx.o
 .text.sl_si70xx_measure_rh_and_temp
                0x08005856       0x4a ./simplicity_sdk_2024.6.0/hardware/driver/si70xx/src/sl_si70xx.o
                0x08005856                sl_si70xx_measure_rh_and_temp
 .text.sl_si70xx_present
                0x080058a0       0x4a ./simplicity_sdk_2024.6.0/hardware/driver/si70xx/src/sl_si70xx.o
                0x080058a0                sl_si70xx_present
 .text.sl_si70xx_init
                0x080058ea       0x2e ./simplicity_sdk_2024.6.0/hardware/driver/si70xx/src/sl_si70xx.o
                0x080058ea                sl_si70xx_init
 .text.Default_Handler
                0x08005918        0x2 ./simplicity_sdk_2024.6.0/platform/Device/SiliconLabs/EFR32FG23/Source/startup_efr32fg23.o
                0x08005918                ULFRCO_IRQHandler
                0x08005918                SW2_IRQHandler
                0x08005918                TIMER2_IRQHandler
                0x08005918                DebugMon_Handler
                0x08005918                IADC_IRQHandler
                0x08005918                EUSART0_TX_IRQHandler
                0x08005918                I2C0_IRQHandler
                0x08005918                LFXO_IRQHandler
                0x08005918                VDAC_IRQHandler
                0x08005918                HardFault_Handler
                0x08005918                SMU_SECURE_IRQHandler
                0x08005918                SysTick_Handler
                0x08005918                SYSRTC_SEQ_IRQHandler
                0x08005918                EMUEFP_IRQHandler
                0x08005918                EUSART2_TX_IRQHandler
                0x08005918                PendSV_Handler
                0x08005918                NMI_Handler
                0x08005918                SYNTH_IRQHandler
                0x08005918                HOSTMAILBOX_IRQHandler
                0x08005918                HFXO0_IRQHandler
                0x08005918                I2C1_IRQHandler
                0x08005918                WDOG0_IRQHandler
                0x08005918                TIMER3_IRQHandler
                0x08005918                SYSCFG_IRQHandler
                0x08005918                RFECA1_IRQHandler
                0x08005918                EMUDG_IRQHandler
                0x08005918                MSC_IRQHandler
                0x08005918                DPLL0_IRQHandler
                0x08005918                UsageFault_Handler
                0x08005918                WDOG1_IRQHandler
                0x08005918                M33CTI1_IRQHandler
                0x08005918                TIMER4_IRQHandler
                0x08005918                GPIO_EVEN_IRQHandler
                0x08005918                SEMBTX_IRQHandler
                0x08005918                SW0_IRQHandler
                0x08005918                TIMER0_IRQHandler
                0x08005918                LCD_IRQHandler
                0x08005918                LETIMER0_IRQHandler
                0x08005918                EUSART1_RX_IRQHandler
                0x08005918                TIMER1_IRQHandler
                0x08005918                HFRCO0_IRQHandler
                0x08005918                SecureFault_Handler
                0x08005918                BUFC_IRQHandler
                0x08005918                DCDC_IRQHandler
                0x08005918                MODEM_IRQHandler
                0x08005918                Default_Handler
                0x08005918                RAC_SEQ_IRQHandler
                0x08005918                FRC_PRI_IRQHandler
                0x08005918                EMU_IRQHandler
                0x08005918                SW3_IRQHandler
                0x08005918                KERNEL0_IRQHandler
                0x08005918                FRC_IRQHandler
                0x08005918                PCNT0_IRQHandler
                0x08005918                KERNEL1_IRQHandler
                0x08005918                AGC_IRQHandler
                0x08005918                EUSART1_TX_IRQHandler
                0x08005918                KEYSCAN_IRQHandler
                0x08005918                sl_app_properties
                0x08005918                HFRCOEM23_IRQHandler
                0x08005918                BURTC_IRQHandler
                0x08005918                SEMBRX_IRQHandler
                0x08005918                RFECA0_IRQHandler
                0x08005918                LFRCO_IRQHandler
                0x08005918                ACMP0_IRQHandler
                0x08005918                MemManage_Handler
                0x08005918                SVC_Handler
                0x08005918                EUSART2_RX_IRQHandler
                0x08005918                SMU_S_PRIVILEGED_IRQHandler
                0x08005918                SW1_IRQHandler
                0x08005918                CMU_IRQHandler
                0x08005918                EUSART0_RX_IRQHandler
                0x08005918                RAC_RSM_IRQHandler
                0x08005918                SETAMPERHOST_IRQHandler
                0x08005918                GPIO_ODD_IRQHandler
                0x08005918                LESENSE_IRQHandler
                0x08005918                AES_IRQHandler
                0x08005918                M33CTI0_IRQHandler
                0x08005918                ICACHE0_IRQHandler
                0x08005918                SMU_NS_PRIVILEGED_IRQHandler
                0x08005918                FPUEXH_IRQHandler
                0x08005918                PROTIMER_IRQHandler
                0x08005918                ACMP1_IRQHandler
                0x08005918                BusFault_Handler
                0x08005918                MPAHBRAM_IRQHandler
 .text.FlashToRamCopy
                0x0800591a       0x16 ./simplicity_sdk_2024.6.0/platform/Device/SiliconLabs/EFR32FG23/Source/system_efr32fg23.o
                0x0800591a                FlashToRamCopy
 .text.SystemCLKIN0Get
                0x08005930        0x4 ./simplicity_sdk_2024.6.0/platform/Device/SiliconLabs/EFR32FG23/Source/system_efr32fg23.o
                0x08005930                SystemCLKIN0Get
 .text.SystemLFRCOClockGet
                0x08005934        0x6 ./simplicity_sdk_2024.6.0/platform/Device/SiliconLabs/EFR32FG23/Source/system_efr32fg23.o
                0x08005934                SystemLFRCOClockGet
 .text.SystemULFRCOClockGet
                0x0800593a        0x6 ./simplicity_sdk_2024.6.0/platform/Device/SiliconLabs/EFR32FG23/Source/system_efr32fg23.o
                0x0800593a                SystemULFRCOClockGet
 .text.assertEFM
                0x08005940        0x2 ./simplicity_sdk_2024.6.0/platform/common/src/sl_assert.o
                0x08005940                assertEFM
 .text.CORE_EnterCritical
                0x08005942        0x8 ./simplicity_sdk_2024.6.0/platform/common/src/sl_core_cortexm.o
                0x08005942                CORE_EnterCritical
 .text.CORE_ExitCritical
                0x0800594a        0x6 ./simplicity_sdk_2024.6.0/platform/common/src/sl_core_cortexm.o
                0x0800594a                CORE_ExitCritical
 .text.CORE_EnterAtomic
                0x08005950        0xc ./simplicity_sdk_2024.6.0/platform/common/src/sl_core_cortexm.o
                0x08005950                CORE_EnterAtomic
 .text.CORE_ExitAtomic
                0x0800595c        0x6 ./simplicity_sdk_2024.6.0/platform/common/src/sl_core_cortexm.o
                0x0800595c                CORE_ExitAtomic
 .text.sl_debug_swo_enable_itm
                0x08005962       0x16 ./simplicity_sdk_2024.6.0/platform/driver/debug/src/sl_debug_swo.o
                0x08005962                sl_debug_swo_enable_itm
 .text.sl_debug_swo_disable_itm
                0x08005978       0x18 ./simplicity_sdk_2024.6.0/platform/driver/debug/src/sl_debug_swo.o
                0x08005978                sl_debug_swo_disable_itm
 .text.DMADRV_PeripheralMemory
                0x08005990       0x34 ./simplicity_sdk_2024.6.0/platform/emdrv/dmadrv/src/dmadrv.o
                0x08005990                DMADRV_PeripheralMemory
 .text.BUS_RegMaskedWrite
                0x080059c4       0x1e ./simplicity_sdk_2024.6.0/platform/emlib/src/em_cmu.o
 .text.waitStateMax
                0x080059e2       0x10 ./simplicity_sdk_2024.6.0/platform/emlib/src/em_cmu.o
 .text.CMU_UpdateWaitStates
                0x080059f2        0xc ./simplicity_sdk_2024.6.0/platform/emlib/src/em_cmu.o
                0x080059f2                CMU_UpdateWaitStates
 .text.pclkDivMax
                0x080059fe        0xa ./simplicity_sdk_2024.6.0/platform/emlib/src/em_cmu.o
 .text.sli_em_cmu_SYSCLKInitPostClockSelect
                0x08005a08       0x2e ./simplicity_sdk_2024.6.0/platform/emlib/src/em_cmu.o
                0x08005a08                sli_em_cmu_SYSCLKInitPostClockSelect
 .text.EMU_EFPEM01VScale
                0x08005a36        0x2 ./simplicity_sdk_2024.6.0/platform/emlib/src/em_emu.o
                0x08005a36                EMU_EFPEM01VScale
 .text.EMU_DCDCUpdatedHook
                0x08005a38        0x2 ./simplicity_sdk_2024.6.0/platform/emlib/src/em_emu.o
                0x08005a38                EMU_DCDCUpdatedHook
 .text.BUS_RegMaskedWrite
                0x08005a3a       0x1e ./simplicity_sdk_2024.6.0/platform/emlib/src/em_gpio.o
 .text.GPIO_DbgLocationSet
                0x08005a58        0x2 ./simplicity_sdk_2024.6.0/platform/emlib/src/em_gpio.o
                0x08005a58                GPIO_DbgLocationSet
 .text.USART_Tx
                0x08005a5a        0xa ./simplicity_sdk_2024.6.0/platform/emlib/src/em_usart.o
                0x08005a5a                USART_Tx
 .text.sl_clock_manager_runtime_init
                0x08005a64        0x4 ./simplicity_sdk_2024.6.0/platform/service/clock_manager/src/sl_clock_manager.o
                0x08005a64                sl_clock_manager_runtime_init
 .text.sl_clock_manager_get_clock_branch_frequency
                0x08005a68        0xa ./simplicity_sdk_2024.6.0/platform/service/clock_manager/src/sl_clock_manager.o
                0x08005a68                sl_clock_manager_get_clock_branch_frequency
 .text.sl_clock_manager_enable_bus_clock
                0x08005a72        0x6 ./simplicity_sdk_2024.6.0/platform/service/clock_manager/src/sl_clock_manager.o
                0x08005a72                sl_clock_manager_enable_bus_clock
 .text.sli_clock_manager_hal_runtime_init
                0x08005a78        0x4 ./simplicity_sdk_2024.6.0/platform/service/clock_manager/src/sl_clock_manager_hal_s2.o
                0x08005a78                sli_clock_manager_hal_runtime_init
 .text.sli_clock_manager_hal_get_clock_branch_frequency
                0x08005a7c       0xc2 ./simplicity_sdk_2024.6.0/platform/service/clock_manager/src/sl_clock_manager_hal_s2.o
                0x08005a7c                sli_clock_manager_hal_get_clock_branch_frequency
 .text.sl_clock_manager_init
                0x08005b3e        0x4 ./simplicity_sdk_2024.6.0/platform/service/clock_manager/src/sl_clock_manager_init.o
                0x08005b3e                sl_clock_manager_init
 .text.sl_interrupt_manager_init
                0x08005b42       0x16 ./simplicity_sdk_2024.6.0/platform/service/interrupt_manager/src/sl_interrupt_manager_cortexm.o
                0x08005b42                sl_interrupt_manager_init
 .text.sl_iostream_write
                0x08005b58       0x22 ./simplicity_sdk_2024.6.0/platform/service/iostream/src/sl_iostream.o
                0x08005b58                sl_iostream_write
 .text.sl_iostream_read
                0x08005b7a       0x30 ./simplicity_sdk_2024.6.0/platform/service/iostream/src/sl_iostream.o
                0x08005b7a                sl_iostream_read
 .text._close   0x08005baa        0x4 ./simplicity_sdk_2024.6.0/platform/service/iostream/src/sl_iostream_retarget_stdio.o
                0x08005baa                _close
 .text._exit    0x08005bae        0x2 ./simplicity_sdk_2024.6.0/platform/service/iostream/src/sl_iostream_retarget_stdio.o
                0x08005bae                _exit
 .text._fstat   0x08005bb0        0xa ./simplicity_sdk_2024.6.0/platform/service/iostream/src/sl_iostream_retarget_stdio.o
                0x08005bb0                _fstat
 .text._isatty  0x08005bba        0x4 ./simplicity_sdk_2024.6.0/platform/service/iostream/src/sl_iostream_retarget_stdio.o
                0x08005bba                _isatty
 .text._lseek   0x08005bbe        0x4 ./simplicity_sdk_2024.6.0/platform/service/iostream/src/sl_iostream_retarget_stdio.o
                0x08005bbe                _lseek
 .text._read    0x08005bc2       0x1c ./simplicity_sdk_2024.6.0/platform/service/iostream/src/sl_iostream_retarget_stdio.o
                0x08005bc2                _read
 .text.set_auto_cr_lf
                0x08005bde        0x6 ./simplicity_sdk_2024.6.0/platform/service/iostream/src/sl_iostream_uart.o
 .text.get_auto_cr_lf
                0x08005be4        0x6 ./simplicity_sdk_2024.6.0/platform/service/iostream/src/sl_iostream_uart.o
 .text.usart_set_next_byte_detect
                0x08005bea        0xc ./simplicity_sdk_2024.6.0/platform/service/iostream/src/sl_iostream_usart.o
 .text.usart_deinit
                0x08005bf6       0x78 ./simplicity_sdk_2024.6.0/platform/service/iostream/src/sl_iostream_usart.o
 .text.usart_tx
                0x08005c6e        0xc ./simplicity_sdk_2024.6.0/platform/service/iostream/src/sl_iostream_usart.o
 .text.sl_iostream_usart_irq_handler
                0x08005c7a       0x70 ./simplicity_sdk_2024.6.0/platform/service/iostream/src/sl_iostream_usart.o
                0x08005c7a                sl_iostream_usart_irq_handler
 .text.delay_callback
                0x08005cea        0x6 ./simplicity_sdk_2024.6.0/platform/service/sleeptimer/src/sl_sleeptimer.o
 .text.sl_sleeptimer_start_timer
                0x08005cf0       0x48 ./simplicity_sdk_2024.6.0/platform/service/sleeptimer/src/sl_sleeptimer.o
                0x08005cf0                sl_sleeptimer_start_timer
 .text.sleeptimer_hal_get_compare
                0x08005d38        0x8 ./simplicity_sdk_2024.6.0/platform/service/sleeptimer/src/sl_sleeptimer_hal_sysrtc.o
                0x08005d38                sleeptimer_hal_get_compare
 .text.sleeptimer_hal_enable_int
                0x08005d40       0x12 ./simplicity_sdk_2024.6.0/platform/service/sleeptimer/src/sl_sleeptimer_hal_sysrtc.o
                0x08005d40                sleeptimer_hal_enable_int
 .text.SYSRTC_APP_IRQHandler
                0x08005d52       0x34 ./simplicity_sdk_2024.6.0/platform/service/sleeptimer/src/sl_sleeptimer_hal_sysrtc.o
                0x08005d52                SYSRTC_APP_IRQHandler
 .text.sl_system_init
                0x08005d86       0x1a ./simplicity_sdk_2024.6.0/platform/service/system/src/sl_system_init.o
                0x08005d86                sl_system_init
 .text.sl_system_process_action
                0x08005da0       0x16 ./simplicity_sdk_2024.6.0/platform/service/system/src/sl_system_process_action.o
                0x08005da0                sl_system_process_action
 .text._fwalk_sglue
                0x08005db6       0x3c c:/siliconlabs/simplicitystudio/v5/developer/toolchains/gnu_arm/12.2.rel1_2023.7/bin/../lib/gcc/arm-none-eabi/12.2.1/thumb/v8-m.main+fp/hard\libc_nano.a(libc_a-fwalk.o)
                0x08005db6                _fwalk_sglue
 .text.__sread  0x08005df2       0x22 c:/siliconlabs/simplicitystudio/v5/developer/toolchains/gnu_arm/12.2.rel1_2023.7/bin/../lib/gcc/arm-none-eabi/12.2.1/thumb/v8-m.main+fp/hard\libc_nano.a(libc_a-stdio.o)
                0x08005df2                __sread
 .text.__swrite
                0x08005e14       0x38 c:/siliconlabs/simplicitystudio/v5/developer/toolchains/gnu_arm/12.2.rel1_2023.7/bin/../lib/gcc/arm-none-eabi/12.2.1/thumb/v8-m.main+fp/hard\libc_nano.a(libc_a-stdio.o)
                0x08005e14                __swrite
 .text.__sseek  0x08005e4c       0x24 c:/siliconlabs/simplicitystudio/v5/developer/toolchains/gnu_arm/12.2.rel1_2023.7/bin/../lib/gcc/arm-none-eabi/12.2.1/thumb/v8-m.main+fp/hard\libc_nano.a(libc_a-stdio.o)
                0x08005e4c                __sseek
 .text.__sclose
                0x08005e70        0x8 c:/siliconlabs/simplicitystudio/v5/developer/toolchains/gnu_arm/12.2.rel1_2023.7/bin/../lib/gcc/arm-none-eabi/12.2.1/thumb/v8-m.main+fp/hard\libc_nano.a(libc_a-stdio.o)
                0x08005e70                __sclose
 .text.memset   0x08005e78       0x10 c:/siliconlabs/simplicitystudio/v5/developer/toolchains/gnu_arm/12.2.rel1_2023.7/bin/../lib/gcc/arm-none-eabi/12.2.1/thumb/v8-m.main+fp/hard\libc_nano.a(libc_a-memset.o)
                0x08005e78                memset
 .text.__retarget_lock_init_recursive
                0x08005e88        0x2 c:/siliconlabs/simplicitystudio/v5/developer/toolchains/gnu_arm/12.2.rel1_2023.7/bin/../lib/gcc/arm-none-eabi/12.2.1/thumb/v8-m.main+fp/hard\libc_nano.a(libc_a-lock.o)
                0x08005e88                __retarget_lock_init_recursive
 .text.__retarget_lock_acquire_recursive
                0x08005e8a        0x2 c:/siliconlabs/simplicitystudio/v5/developer/toolchains/gnu_arm/12.2.rel1_2023.7/bin/../lib/gcc/arm-none-eabi/12.2.1/thumb/v8-m.main+fp/hard\libc_nano.a(libc_a-lock.o)
                0x08005e8a                __retarget_lock_acquire_recursive
 .text.__retarget_lock_release_recursive
                0x08005e8c        0x2 c:/siliconlabs/simplicitystudio/v5/developer/toolchains/gnu_arm/12.2.rel1_2023.7/bin/../lib/gcc/arm-none-eabi/12.2.1/thumb/v8-m.main+fp/hard\libc_nano.a(libc_a-lock.o)
                0x08005e8c                __retarget_lock_release_recursive
 .text.memcpy   0x08005e8e       0x1a c:/siliconlabs/simplicitystudio/v5/developer/toolchains/gnu_arm/12.2.rel1_2023.7/bin/../lib/gcc/arm-none-eabi/12.2.1/thumb/v8-m.main+fp/hard\libc_nano.a(libc_a-memcpy-stub.o)
                0x08005e8e                memcpy
 .text.__ssputs_r
                0x08005ea8       0xb6 c:/siliconlabs/simplicitystudio/v5/developer/toolchains/gnu_arm/12.2.rel1_2023.7/bin/../lib/gcc/arm-none-eabi/12.2.1/thumb/v8-m.main+fp/hard\libc_nano.a(libc_a-nano-svfprintf.o)
                0x08005ea8                __ssputs_r
 .text.__sfputc_r
                0x08005f5e       0x2e c:/siliconlabs/simplicitystudio/v5/developer/toolchains/gnu_arm/12.2.rel1_2023.7/bin/../lib/gcc/arm-none-eabi/12.2.1/thumb/v8-m.main+fp/hard\libc_nano.a(libc_a-nano-vfprintf.o)
 .text.__sfputs_r
                0x08005f8c       0x24 c:/siliconlabs/simplicitystudio/v5/developer/toolchains/gnu_arm/12.2.rel1_2023.7/bin/../lib/gcc/arm-none-eabi/12.2.1/thumb/v8-m.main+fp/hard\libc_nano.a(libc_a-nano-vfprintf.o)
                0x08005f8c                __sfputs_r
 .text._printf_common
                0x08005fb0       0xe4 c:/siliconlabs/simplicitystudio/v5/developer/toolchains/gnu_arm/12.2.rel1_2023.7/bin/../lib/gcc/arm-none-eabi/12.2.1/thumb/v8-m.main+fp/hard\libc_nano.a(libc_a-nano-vfprintf_i.o)
                0x08005fb0                _printf_common
 .text.__sflush_r
                0x08006094      0x106 c:/siliconlabs/simplicitystudio/v5/developer/toolchains/gnu_arm/12.2.rel1_2023.7/bin/../lib/gcc/arm-none-eabi/12.2.1/thumb/v8-m.main+fp/hard\libc_nano.a(libc_a-fflush.o)
                0x08006094                __sflush_r
 .text._fflush_r
                0x0800619a       0x50 c:/siliconlabs/simplicitystudio/v5/developer/toolchains/gnu_arm/12.2.rel1_2023.7/bin/../lib/gcc/arm-none-eabi/12.2.1/thumb/v8-m.main+fp/hard\libc_nano.a(libc_a-fflush.o)
                0x0800619a                _fflush_r
 .text.__swbuf_r
                0x080061ea       0x7c c:/siliconlabs/simplicitystudio/v5/developer/toolchains/gnu_arm/12.2.rel1_2023.7/bin/../lib/gcc/arm-none-eabi/12.2.1/thumb/v8-m.main+fp/hard\libc_nano.a(libc_a-wbuf.o)
                0x080061ea                __swbuf_r
 .text.memmove  0x08006266       0x34 c:/siliconlabs/simplicitystudio/v5/developer/toolchains/gnu_arm/12.2.rel1_2023.7/bin/../lib/gcc/arm-none-eabi/12.2.1/thumb/v8-m.main+fp/hard\libc_nano.a(libc_a-memmove.o)
                0x08006266                memmove
 .text.memchr   0x0800629a       0x1c c:/siliconlabs/simplicitystudio/v5/developer/toolchains/gnu_arm/12.2.rel1_2023.7/bin/../lib/gcc/arm-none-eabi/12.2.1/thumb/v8-m.main+fp/hard\libc_nano.a(libc_a-memchr-stub.o)
                0x0800629a                memchr
 .text._realloc_r
                0x080062b6       0x5c c:/siliconlabs/simplicitystudio/v5/developer/toolchains/gnu_arm/12.2.rel1_2023.7/bin/../lib/gcc/arm-none-eabi/12.2.1/thumb/v8-m.main+fp/hard\libc_nano.a(libc_a-reallocr.o)
                0x080062b6                _realloc_r
 .text.__swhatbuf_r
                0x08006312       0x4a c:/siliconlabs/simplicitystudio/v5/developer/toolchains/gnu_arm/12.2.rel1_2023.7/bin/../lib/gcc/arm-none-eabi/12.2.1/thumb/v8-m.main+fp/hard\libc_nano.a(libc_a-makebuf.o)
                0x08006312                __swhatbuf_r
 .text.__smakebuf_r
                0x0800635c       0x78 c:/siliconlabs/simplicitystudio/v5/developer/toolchains/gnu_arm/12.2.rel1_2023.7/bin/../lib/gcc/arm-none-eabi/12.2.1/thumb/v8-m.main+fp/hard\libc_nano.a(libc_a-makebuf.o)
                0x0800635c                __smakebuf_r
 .text._malloc_usable_size_r
                0x080063d4       0x10 c:/siliconlabs/simplicitystudio/v5/developer/toolchains/gnu_arm/12.2.rel1_2023.7/bin/../lib/gcc/arm-none-eabi/12.2.1/thumb/v8-m.main+fp/hard\libc_nano.a(libc_a-msizer.o)
                0x080063d4                _malloc_usable_size_r
 *(SORT_BY_ALIGNMENT(text_*))
                0x08006400                . = ALIGN (0x20)
 *fill*         0x080063e4       0x1c 
                0x08006400                linker_code_end = .
 *(.init)
 .init          0x08006400        0x4 c:/siliconlabs/simplicitystudio/v5/developer/toolchains/gnu_arm/12.2.rel1_2023.7/bin/../lib/gcc/arm-none-eabi/12.2.1/thumb/v8-m.main+fp/hard/crti.o
                0x08006400                _init
 .init          0x08006404        0x8 c:/siliconlabs/simplicitystudio/v5/developer/toolchains/gnu_arm/12.2.rel1_2023.7/bin/../lib/gcc/arm-none-eabi/12.2.1/thumb/v8-m.main+fp/hard/crtn.o
 *(.fini)
 .fini          0x0800640c        0x4 c:/siliconlabs/simplicitystudio/v5/developer/toolchains/gnu_arm/12.2.rel1_2023.7/bin/../lib/gcc/arm-none-eabi/12.2.1/thumb/v8-m.main+fp/hard/crti.o
                0x0800640c                _fini
 .fini          0x08006410        0x8 c:/siliconlabs/simplicitystudio/v5/developer/toolchains/gnu_arm/12.2.rel1_2023.7/bin/../lib/gcc/arm-none-eabi/12.2.1/thumb/v8-m.main+fp/hard/crtn.o
 *crtbegin.o(.ctors)
 *crtbegin?.o(.ctors)
 *(EXCLUDE_FILE(*crtend.o *crtend?.o) .ctors)
 *(SORT_BY_NAME(.ctors.*))
 *(.ctors)
 *crtbegin.o(.dtors)
 *crtbegin?.o(.dtors)
 *(EXCLUDE_FILE(*crtend.o *crtend?.o) .dtors)
 *(SORT_BY_NAME(.dtors.*))
 *(.dtors)
 *(.rodata*)
 .rodata.app_process_action.str1.1
                0x08006418       0x66 ./app.o
 *fill*         0x0800647e        0x2 
 .rodata        0x08006480       0x14 ./app.o
 .rodata.sl_iostream_usart_init_vcom.str1.1
                0x08006494       0x2e ./autogen/sl_iostream_init_usart_instances.o
 *fill*         0x080064c2        0x2 
 .rodata        0x080064c4       0x1c ./autogen/sl_iostream_init_usart_instances.o
 .rodata.I2CSPM_Init.str1.1
                0x080064e0       0xba ./simplicity_sdk_2024.6.0/platform/driver/i2cspm/src/sl_i2cspm.o
 .rodata.CSWTCH.13
                0x0800659a        0x8 ./simplicity_sdk_2024.6.0/platform/driver/i2cspm/src/sl_i2cspm.o
 .rodata        0x080065a2        0x4 ./simplicity_sdk_2024.6.0/platform/emdrv/dmadrv/src/dmadrv.o
 .rodata.HFRCODPLLDevinfoGet.str1.1
                0x080065a6       0x57 ./simplicity_sdk_2024.6.0/platform/emlib/src/em_cmu.o
 .rodata.EMU_VScaleEM01.str1.1
                0x080065fd       0x57 ./simplicity_sdk_2024.6.0/platform/emlib/src/em_emu.o
 .rodata.GPIO_PinOutSet.str1.1
                0x08006654       0x58 ./simplicity_sdk_2024.6.0/platform/emlib/src/em_gpio.o
 .rodata.GPIO_ExtIntConfig.str1.1
                0x08006654       0x58 ./simplicity_sdk_2024.6.0/platform/emlib/src/em_gpio.o
 .rodata.CSWTCH.31
                0x080066ac        0x8 ./simplicity_sdk_2024.6.0/platform/emlib/src/em_gpio.o
 .rodata.I2C_BusFreqGet.str1.1
                0x080066b4       0x37 ./simplicity_sdk_2024.6.0/platform/emlib/src/em_i2c.o
 .rodata.i2cNSum
                0x080066eb        0x4 ./simplicity_sdk_2024.6.0/platform/emlib/src/em_i2c.o
 .rodata.LDMA_EnableChannelRequest.str1.1
                0x080066ef       0xaf ./simplicity_sdk_2024.6.0/platform/emlib/src/em_ldma.o
 .rodata.USART_BaudrateAsyncSet.str1.1
                0x0800679e       0x59 ./simplicity_sdk_2024.6.0/platform/emlib/src/em_usart.o
 .rodata.sl_hal_sysrtc_init_group.str1.1
                0x080067f7       0x63 ./simplicity_sdk_2024.6.0/platform/peripheral/src/sl_hal_sysrtc.o
 .rodata.sli_clock_manager_hal_enable_bus_clock.str1.1
                0x0800685a       0x57 ./simplicity_sdk_2024.6.0/platform/service/clock_manager/src/sl_clock_manager_hal_s2.o
 *fill*         0x0800685a        0x2 
 .rodata        0x0800685c       0x3c ./simplicity_sdk_2024.6.0/platform/service/clock_manager/src/sl_clock_manager_init_hal_s2.o
 .rodata        0x08006898        0x7 ./simplicity_sdk_2024.6.0/platform/service/device_init/src/sl_device_init_dcdc_s2.o
 *fill*         0x0800689f        0x1 
 .rodata.SL_BUS_CLOCK_SYSRTC0_VALUE
                0x080068a0        0x4 ./simplicity_sdk_2024.6.0/platform/service/device_manager/clocks/sl_device_clock_efr32xg23.o
                0x080068a0                SL_BUS_CLOCK_SYSRTC0_VALUE
 .rodata.SL_BUS_CLOCK_I2C1_VALUE
                0x080068a4        0x4 ./simplicity_sdk_2024.6.0/platform/service/device_manager/clocks/sl_device_clock_efr32xg23.o
                0x080068a4                SL_BUS_CLOCK_I2C1_VALUE
 .rodata.SL_BUS_CLOCK_I2C0_VALUE
                0x080068a8        0x4 ./simplicity_sdk_2024.6.0/platform/service/device_manager/clocks/sl_device_clock_efr32xg23.o
                0x080068a8                SL_BUS_CLOCK_I2C0_VALUE
 .rodata.SL_BUS_CLOCK_GPIO_VALUE
                0x080068ac        0x4 ./simplicity_sdk_2024.6.0/platform/service/device_manager/clocks/sl_device_clock_efr32xg23.o
                0x080068ac                SL_BUS_CLOCK_GPIO_VALUE
 .rodata.sl_peripheral_val_sysrtc0
                0x080068b0        0xc ./simplicity_sdk_2024.6.0/platform/service/device_manager/devices/sl_device_peripheral_hal_efr32xg23.o
                0x080068b0                sl_peripheral_val_sysrtc0
 .rodata.sl_interrupt_manager_disable_irq.str1.1
                0x080068bc       0x81 ./simplicity_sdk_2024.6.0/platform/service/interrupt_manager/src/sl_interrupt_manager_cortexm.o
 .rodata._write.str1.1
                0x0800693d       0x76 ./simplicity_sdk_2024.6.0/platform/service/iostream/src/sl_iostream_retarget_stdio.o
 .rodata.get_write_ptr.str1.1
                0x080069b3       0x6c ./simplicity_sdk_2024.6.0/platform/service/iostream/src/sl_iostream_uart.o
 .rodata.process_timer_irq.str1.1
                0x08006a1f       0x6b ./simplicity_sdk_2024.6.0/platform/service/sleeptimer/src/sl_sleeptimer.o
 .rodata.sl_udelay_wait.str1.1
                0x08006a8a       0x63 ./simplicity_sdk_2024.6.0/platform/service/udelay/src/sl_udelay.o
 .rodata._svfprintf_r.str1.1
                0x08006aed       0x11 c:/siliconlabs/simplicitystudio/v5/developer/toolchains/gnu_arm/12.2.rel1_2023.7/bin/../lib/gcc/arm-none-eabi/12.2.1/thumb/v8-m.main+fp/hard\libc_nano.a(libc_a-nano-svfprintf.o)
 .rodata._vfprintf_r.str1.1
                0x08006afe       0x11 c:/siliconlabs/simplicitystudio/v5/developer/toolchains/gnu_arm/12.2.rel1_2023.7/bin/../lib/gcc/arm-none-eabi/12.2.1/thumb/v8-m.main+fp/hard\libc_nano.a(libc_a-nano-vfprintf.o)
 .rodata._printf_i.str1.1
                0x08006afe       0x22 c:/siliconlabs/simplicitystudio/v5/developer/toolchains/gnu_arm/12.2.rel1_2023.7/bin/../lib/gcc/arm-none-eabi/12.2.1/thumb/v8-m.main+fp/hard\libc_nano.a(libc_a-nano-vfprintf_i.o)
 *(.eh_frame*)
 .eh_frame      0x08006b20        0x0 c:/siliconlabs/simplicitystudio/v5/developer/toolchains/gnu_arm/12.2.rel1_2023.7/bin/../lib/gcc/arm-none-eabi/12.2.1/thumb/v8-m.main+fp/hard/crtbegin.o

.glue_7         0x08006b20        0x0
 .glue_7        0x08006b20        0x0 linker stubs

.glue_7t        0x08006b20        0x0
 .glue_7t       0x08006b20        0x0 linker stubs

.vfp11_veneer   0x08006b20        0x0
 .vfp11_veneer  0x08006b20        0x0 linker stubs

.v4_bx          0x08006b20        0x0
 .v4_bx         0x08006b20        0x0 linker stubs

.iplt           0x08006b20        0x0
 .iplt          0x08006b20        0x0 c:/siliconlabs/simplicitystudio/v5/developer/toolchains/gnu_arm/12.2.rel1_2023.7/bin/../lib/gcc/arm-none-eabi/12.2.1/thumb/v8-m.main+fp/hard/crtbegin.o

.ARM.extab
 *(.ARM.extab* .gnu.linkonce.armextab.*)
                0x08006b20                __exidx_start = .

.ARM.exidx      0x08006b20        0x8
 *(.ARM.exidx* .gnu.linkonce.armexidx.*)
 .ARM.exidx     0x08006b20        0x8 c:/siliconlabs/simplicitystudio/v5/developer/toolchains/gnu_arm/12.2.rel1_2023.7/bin/../lib/gcc/arm-none-eabi/12.2.1/thumb/v8-m.main+fp/hard/crt0.o
                                 0x10 (size before relaxing)
 .ARM.exidx.text.__udivmoddi4
                0x08006b28        0x0 c:/siliconlabs/simplicitystudio/v5/developer/toolchains/gnu_arm/12.2.rel1_2023.7/bin/../lib/gcc/arm-none-eabi/12.2.1/thumb/v8-m.main+fp/hard\libgcc.a(_udivmoddi4.o)
                                  0x8 (size before relaxing)
                0x08006b28                __exidx_end = .

.rel.dyn        0x08006b28        0x0
 .rel.iplt      0x08006b28        0x0 c:/siliconlabs/simplicitystudio/v5/developer/toolchains/gnu_arm/12.2.rel1_2023.7/bin/../lib/gcc/arm-none-eabi/12.2.1/thumb/v8-m.main+fp/hard/crtbegin.o

.copy.table     0x08006b28        0xc
                0x08006b28                . = ALIGN (0x4)
                0x08006b28                __copy_table_start__ = .
                0x08006b28        0x4 LONG 0x8006b34 __etext
                0x08006b2c        0x4 LONG 0x200013d0 __data_start__
                0x08006b30        0x4 LONG 0x25 ((__data_end__ - __data_start__) / 0x4)
                0x08006b34                __copy_table_end__ = .

.zero.table     0x08006b34        0x0
                0x08006b34                . = ALIGN (0x4)
                0x08006b34                __zero_table_start__ = .
                0x08006b34                __zero_table_end__ = .
                0x08006b34                __etext = .

.data           0x200013d0       0x94 load address 0x08006b34
                0x200013d0                . = ALIGN (0x4)
                0x200013d0                __data_start__ = .
 *(vtable)
 *(SORT_BY_ALIGNMENT(.data*))
 .data.init_sensor
                0x200013d0       0x14 ./autogen/sl_i2cspm_init.o
                0x200013d0                init_sensor
 .data.SystemCoreClock
                0x200013e4        0x4 ./simplicity_sdk_2024.6.0/platform/Device/SiliconLabs/EFR32FG23/Source/system_efr32fg23.o
                0x200013e4                SystemCoreClock
 .data.SystemHFRCODPLLClock
                0x200013e8        0x4 ./simplicity_sdk_2024.6.0/platform/Device/SiliconLabs/EFR32FG23/Source/system_efr32fg23.o
 .data.SystemLFXOClock
                0x200013ec        0x4 ./simplicity_sdk_2024.6.0/platform/Device/SiliconLabs/EFR32FG23/Source/system_efr32fg23.o
 .data.SystemHFXOClock
                0x200013f0        0x4 ./simplicity_sdk_2024.6.0/platform/Device/SiliconLabs/EFR32FG23/Source/system_efr32fg23.o
 .data.heap_end.0
                0x200013f4        0x4 ./simplicity_sdk_2024.6.0/platform/service/memory_manager/src/sl_memory_manager_region.o
 .data.__sglue  0x200013f8        0xc c:/siliconlabs/simplicitystudio/v5/developer/toolchains/gnu_arm/12.2.rel1_2023.7/bin/../lib/gcc/arm-none-eabi/12.2.1/thumb/v8-m.main+fp/hard\libc_nano.a(libc_a-findfp.o)
                0x200013f8                __sglue
 .data._impure_ptr
                0x20001404        0x4 c:/siliconlabs/simplicitystudio/v5/developer/toolchains/gnu_arm/12.2.rel1_2023.7/bin/../lib/gcc/arm-none-eabi/12.2.1/thumb/v8-m.main+fp/hard\libc_nano.a(libc_a-impure.o)
                0x20001404                _impure_ptr
 .data._impure_data
                0x20001408       0x4c c:/siliconlabs/simplicitystudio/v5/developer/toolchains/gnu_arm/12.2.rel1_2023.7/bin/../lib/gcc/arm-none-eabi/12.2.1/thumb/v8-m.main+fp/hard\libc_nano.a(libc_a-impure.o)
                0x20001408                _impure_data
 .data.hfxo_precision
                0x20001454        0x2 ./simplicity_sdk_2024.6.0/platform/emlib/src/em_cmu.o
 .data.lfxo_precision
                0x20001456        0x2 ./simplicity_sdk_2024.6.0/platform/emlib/src/em_cmu.o
 .data.ctuneDelta
                0x20001458        0x1 ./simplicity_sdk_2024.6.0/platform/emlib/src/em_cmu.o
 .data.cc_disabled
                0x20001459        0x1 ./simplicity_sdk_2024.6.0/platform/service/sleeptimer/src/sl_sleeptimer_hal_sysrtc.o
                0x2000145c                . = ALIGN (0x4)
 *fill*         0x2000145a        0x2 
                0x2000145c                . = ALIGN (0x4)
                0x2000145c                PROVIDE (__preinit_array_start = .)
 *(.preinit_array)
                0x2000145c                PROVIDE (__preinit_array_end = .)
                0x2000145c                . = ALIGN (0x4)
                0x2000145c                PROVIDE (__init_array_start = .)
 *(SORT_BY_NAME(.init_array.*))
 *(.init_array)
 .init_array    0x2000145c        0x4 c:/siliconlabs/simplicitystudio/v5/developer/toolchains/gnu_arm/12.2.rel1_2023.7/bin/../lib/gcc/arm-none-eabi/12.2.1/thumb/v8-m.main+fp/hard/crtbegin.o
                0x20001460                PROVIDE (__init_array_end = .)
                0x20001460                . = ALIGN (0x4)
                [!provide]                PROVIDE (__fini_array_start = .)
 *(SORT_BY_NAME(.fini_array.*))
 *(.fini_array)
 .fini_array    0x20001460        0x4 c:/siliconlabs/simplicitystudio/v5/developer/toolchains/gnu_arm/12.2.rel1_2023.7/bin/../lib/gcc/arm-none-eabi/12.2.1/thumb/v8-m.main+fp/hard/crtbegin.o
                [!provide]                PROVIDE (__fini_array_end = .)
                0x20001464                . = ALIGN (0x4)
                0x20001464                __data_end__ = .

.tm_clone_table
                0x20001464        0x0 load address 0x08006bc8
 .tm_clone_table
                0x20001464        0x0 c:/siliconlabs/simplicitystudio/v5/developer/toolchains/gnu_arm/12.2.rel1_2023.7/bin/../lib/gcc/arm-none-eabi/12.2.1/thumb/v8-m.main+fp/hard/crtbegin.o
 .tm_clone_table
                0x20001464        0x0 c:/siliconlabs/simplicitystudio/v5/developer/toolchains/gnu_arm/12.2.rel1_2023.7/bin/../lib/gcc/arm-none-eabi/12.2.1/thumb/v8-m.main+fp/hard/crtend.o

.igot.plt       0x20001464        0x0 load address 0x08006bc8
 .igot.plt      0x20001464        0x0 c:/siliconlabs/simplicitystudio/v5/developer/toolchains/gnu_arm/12.2.rel1_2023.7/bin/../lib/gcc/arm-none-eabi/12.2.1/thumb/v8-m.main+fp/hard/crtbegin.o

.heap           0x20001464        0x4 load address 0x08006bc8
                0x20001468                . = ALIGN (0x8)
 *fill*         0x20001464        0x4 
                0x20001468                __HeapBase = .
                0x20001468                __end__ = .
                0x20001468                end = __end__
                0x20001468                _end = __end__
 *(.heap*)
                0x20010000                __HeapLimit = (ORIGIN (RAM) + LENGTH (RAM))
                0x0000eb98                __heap_size = (__HeapLimit - __HeapBase)
                0x20010000                __ram_end__ = 0x20010000
                0x0807e000                __main_flash_end__ = 0x807e000

.internal_storage
 *(.internal_storage*)

.nvm
 *(.simee*)
                0x200013d0                __ramfuncs_start__ = __vma_ramfuncs_start__
                0x200013d0                __ramfuncs_end__ = __vma_ramfuncs_end__
                0x0807e000                linker_nvm_end = __main_flash_end__
                0x0807e000                linker_nvm_begin = (linker_nvm_end - SIZEOF (.nvm))
                0x0807e000                linker_storage_end = linker_nvm_begin
                0x0807e000                __nvm3Base = linker_nvm_begin
                0x0807e000                linker_storage_begin = (linker_storage_end - SIZEOF (.internal_storage))
                0x00000001                ASSERT ((linker_storage_begin >= (__etext + SIZEOF (.data))), FLASH memory overflowed !)
                0x0807e000                app_flash_end = 0x807e000
                0x00000001                ASSERT (((linker_nvm_begin + SIZEOF (.nvm)) <= app_flash_end), NVM3 is excessing the flash size !)
OUTPUT(empty_2.axf elf32-littlearm)
LOAD linker stubs

.ARM.attributes
                0x00000000       0x36
 .ARM.attributes
                0x00000000       0x26 c:/siliconlabs/simplicitystudio/v5/developer/toolchains/gnu_arm/12.2.rel1_2023.7/bin/../lib/gcc/arm-none-eabi/12.2.1/thumb/v8-m.main+fp/hard/crti.o
 .ARM.attributes
                0x00000026       0x38 c:/siliconlabs/simplicitystudio/v5/developer/toolchains/gnu_arm/12.2.rel1_2023.7/bin/../lib/gcc/arm-none-eabi/12.2.1/thumb/v8-m.main+fp/hard/crtbegin.o
 .ARM.attributes
                0x0000005e       0x24 c:/siliconlabs/simplicitystudio/v5/developer/toolchains/gnu_arm/12.2.rel1_2023.7/bin/../lib/gcc/arm-none-eabi/12.2.1/thumb/v8-m.main+fp/hard/crt0.o
 .ARM.attributes
                0x00000082       0x3a ./app.o
 .ARM.attributes
                0x000000bc       0x3a ./main.o
 .ARM.attributes
                0x000000f6       0x3a ./autogen/sl_board_default_init.o
 .ARM.attributes
                0x00000130       0x3a ./autogen/sl_event_handler.o
 .ARM.attributes
                0x0000016a       0x3a ./autogen/sl_i2cspm_init.o
 .ARM.attributes
                0x000001a4       0x3a ./autogen/sl_iostream_init_usart_instances.o
 .ARM.attributes
                0x000001de       0x3a ./simplicity_sdk_2024.6.0/hardware/board/src/sl_board_control_gpio.o
 .ARM.attributes
                0x00000218       0x3a ./simplicity_sdk_2024.6.0/hardware/board/src/sl_board_init.o
 .ARM.attributes
                0x00000252       0x3a ./simplicity_sdk_2024.6.0/hardware/driver/configuration_over_swo/src/sl_cos.o
 .ARM.attributes
                0x0000028c       0x3a ./simplicity_sdk_2024.6.0/hardware/driver/si70xx/src/sl_si70xx.o
 .ARM.attributes
                0x000002c6       0x3a ./simplicity_sdk_2024.6.0/platform/Device/SiliconLabs/EFR32FG23/Source/startup_efr32fg23.o
 .ARM.attributes
                0x00000300       0x3a ./simplicity_sdk_2024.6.0/platform/Device/SiliconLabs/EFR32FG23/Source/system_efr32fg23.o
 .ARM.attributes
                0x0000033a       0x3a ./simplicity_sdk_2024.6.0/platform/common/src/sl_assert.o
 .ARM.attributes
                0x00000374       0x3a ./simplicity_sdk_2024.6.0/platform/common/src/sl_core_cortexm.o
 .ARM.attributes
                0x000003ae       0x3a ./simplicity_sdk_2024.6.0/platform/driver/debug/src/sl_debug_swo.o
 .ARM.attributes
                0x000003e8       0x3a ./simplicity_sdk_2024.6.0/platform/driver/i2cspm/src/sl_i2cspm.o
 .ARM.attributes
                0x00000422       0x3a ./simplicity_sdk_2024.6.0/platform/emdrv/dmadrv/src/dmadrv.o
 .ARM.attributes
                0x0000045c       0x3a ./simplicity_sdk_2024.6.0/platform/emlib/src/em_cmu.o
 .ARM.attributes
                0x00000496       0x3a ./simplicity_sdk_2024.6.0/platform/emlib/src/em_emu.o
 .ARM.attributes
                0x000004d0       0x3a ./simplicity_sdk_2024.6.0/platform/emlib/src/em_gpio.o
 .ARM.attributes
                0x0000050a       0x3a ./simplicity_sdk_2024.6.0/platform/emlib/src/em_i2c.o
 .ARM.attributes
                0x00000544       0x3a ./simplicity_sdk_2024.6.0/platform/emlib/src/em_ldma.o
 .ARM.attributes
                0x0000057e       0x3a ./simplicity_sdk_2024.6.0/platform/emlib/src/em_usart.o
 .ARM.attributes
                0x000005b8       0x3a ./simplicity_sdk_2024.6.0/platform/peripheral/src/sl_hal_sysrtc.o
 .ARM.attributes
                0x000005f2       0x3a ./simplicity_sdk_2024.6.0/platform/service/clock_manager/src/sl_clock_manager.o
 .ARM.attributes
                0x0000062c       0x3a ./simplicity_sdk_2024.6.0/platform/service/clock_manager/src/sl_clock_manager_hal_s2.o
 .ARM.attributes
                0x00000666       0x3a ./simplicity_sdk_2024.6.0/platform/service/clock_manager/src/sl_clock_manager_init.o
 .ARM.attributes
                0x000006a0       0x3a ./simplicity_sdk_2024.6.0/platform/service/clock_manager/src/sl_clock_manager_init_hal_s2.o
 .ARM.attributes
                0x000006da       0x3a ./simplicity_sdk_2024.6.0/platform/service/device_init/src/sl_device_init_dcdc_s2.o
 .ARM.attributes
                0x00000714       0x3a ./simplicity_sdk_2024.6.0/platform/service/device_init/src/sl_device_init_emu_s2.o